D/OKINAWA ( 1779): [40076154] Policy Focus end_circle begin
D/OKINAWA ( 1779): [40076154] Policy Focus end_circle end
D/OKINAWA ( 1779): [40076154] Policy PendingInput end_circle begin
D/OKINAWA ( 1779): [40076154] context empty() ? 1
D/OKINAWA ( 1779): [40076154] Policy PendingInput end_circle end
D/OKINAWA ( 1779): [40076154] Policy Dictionary end_circle begin
D/OKINAWA ( 1779): [40076154] Policy Dictionary end_circle end
D/OKINAWA ( 1779): [40076154] Policy NextWord end_circle begin
D/OKINAWA ( 1779): [40076154] Policy NextWord end_circle end
D/OKINAWA ( 1779): [40076154] Policy Filter end_circle begin
D/OKINAWA ( 1779): [40076154] Policy Filter end_circle end
D/OKINAWA ( 1779): [40076154] Policy Resolve end_circle begin
D/OKINAWA ( 1779): [40076154] Policy Resolve end_circle end
D/OKINAWA ( 1779): [40076154] Policy Curve end_circle begin
D/OKINAWA ( 1779): [40076154] Policy Curve end_circle end
D/OKINAWA ( 1779): [40076154] Policy Candidate end_circle begin
D/OKINAWA ( 1779): [40076154] Policy Candidate end_circle end
D/OKINAWA ( 1779): [40076154] Policy InlineText end_circle begin
D/OKINAWA ( 1779): [40076154] transaction mode ? 0
D/OKINAWA ( 1779): [40076154] Policy InlineText end_circle end
D/OKINAWA ( 1779): [40076154] Policy CommitText end_circle begin
D/OKINAWA ( 1779): [40076154] Policy CommitText end_circle end
D/OKINAWA ( 1779): [40076154] Policy UserWord end_circle begin
D/OKINAWA ( 1779): [40076154] Policy UserWord end_circle end
D/OKINAWA ( 1779): [40076154] PolicyChain::execute() end
D/OKINAWA ( 1779): [40076154] 
D/OKINAWA ( 1779): [40076154] 
D/OKINAWA ( 1779): [40076154] is current thread interrupted ? 0
D/OKINAWA ( 1779): [40076154] on event UpdateSelectionEvent end
D/OKINAWA ( 1779): [40076154] handwrite mask visible: 0
D/OKINAWA ( 1779): [40076154] add expect for commit content
D/OKINAWA ( 1779): [40076154] expected queue
D/OKINAWA ( 1779): [40076154] 	sel = (3 : 3); inline = (0 : 3)
D/OKINAWA ( 1779): [40076154] valid ? 1
D/OKINAWA ( 1779): [40076154] text before cursor: Cab
D/OKINAWA ( 1779): [40076154] text after cursor: 
D/OKINAWA ( 1779): [40076154] select before cursor: 3
D/OKINAWA ( 1779): [40076154] select after cursor: 0
D/OKINAWA ( 1779): [40076154] 	[user time]	[9779492387843]
D/OKINAWA ( 1779): [40076154] Driver::fire_operation: UpdateSelectionOperation end
D/OKINAWA ( 1779): [40076154] Drier::fire_operation() end
D/OKINAWA ( 1779): [40076154] change set: 0x0
D/OKINAWA ( 1779): [40076154] 
D/OKINAWA ( 1779): [40076154] 
D/OKINAWA ( 1779): [40076154] Driver::fire_operation: UpdateSelectionOperation
D/OKINAWA ( 1779): [40076154] Driver::fire_operation: UpdateSelectionOperation begin
D/OKINAWA ( 1779): [40076154] 	[user time]	[9779504838520]
D/OKINAWA ( 1779): [40076154] commit content cleared
D/OKINAWA ( 1779): [40076154] handwrite mask visible: 0
D/OKINAWA ( 1779): [40076154] userword_list_visible = 0, dialect_list_visible = 0
D/OKINAWA ( 1779): [40076154] update selection old_sel_start = 2, old_sel_end = 2, cur_sel_start = 3, cur_sel_end = 3, inline_start = 0, inline_end = 3, update_type = 1
D/OKINAWA ( 1779): [40076154] expected queue
D/OKINAWA ( 1779): [40076154] 	sel = (3 : 3); inline = (0 : 3)
D/OKINAWA ( 1779): [40076154] system sel = (3 : 3); inline = (0 : 3)
D/OKINAWA ( 1779): [40076154] check expected queue
D/OKINAWA ( 1779): [40076154] 	sel = (3 : 3); inline = (0 : 3)
D/OKINAWA ( 1779): [40076154] find position in expected queue
D/OKINAWA ( 1779): [40076154] update selection is expected ? 1, touch correct ? 0
D/OKINAWA ( 1779): [40076154] on event UpdateSelectionEvent
D/OKINAWA ( 1779): [40076154] 
D/OKINAWA ( 1779): [40076154] evaluate CurrentEvent begin
D/OKINAWA ( 1779): [40076154] policy CurrentEvent changed, changeset hints = 0
D/OKINAWA ( 1779): [40076154] policy Settings depend policy changed
D/OKINAWA ( 1779): [40076154] policy SystemConfig depend policy changed
D/OKINAWA ( 1779): [40076154] policy Surface depend policy changed
D/OKINAWA ( 1779): [40076154] policy Language depend policy changed
D/OKINAWA ( 1779): [40076154] policy Dictionary depend policy changed
D/OKINAWA ( 1779): [40076154] policy Multitap depend policy changed
D/OKINAWA ( 1779): [40076154] MultitapPolicy: multitap disabled!
D/OKINAWA ( 1779): [40076154] policy PendingInput depend policy changed
D/OKINAWA ( 1779): [40076154] policy CommitText depend policy changed
D/OKINAWA ( 1779): [40076154] policy TriStatus depend policy changed
D/OKINAWA ( 1779): [40076154] current action = 5
D/OKINAWA ( 1779): [40076154] policy Input depend policy changed
D/OKINAWA ( 1779): [40076154] policy Candidate depend policy changed
D/OKINAWA ( 1779): [40076154] policy UserWord depend policy changed
D/OKINAWA ( 1779): [40076154] policy HandWrite depend policy changed
D/OKINAWA ( 1779): [40076154] policy Focus depend policy changed
D/OKINAWA ( 1779): [40076154] 	policy [[CurrentEvent]] time consumed: 163802
D/OKINAWA ( 1779): [40076154] evaluate CurrentEvent end
D/OKINAWA ( 1779): [40076154] 
D/OKINAWA ( 1779): [40076154] evaluate TriStatus begin
D/OKINAWA ( 1779): [40076154] capslock status = 1, shift enabled = 0
D/OKINAWA ( 1779): [40076154] user set = 1, caps mode = 3
D/OKINAWA ( 1779): [40076154] 	policy [[TriStatus]] time consumed: 64792
D/OKINAWA ( 1779): [40076154] evaluate TriStatus end
D/OKINAWA ( 1779): [40076154] 
D/OKINAWA ( 1779): [40076154] evaluate Input begin
D/OKINAWA ( 1779): [40076154] word prediction is enabled
D/OKINAWA ( 1779): [40076154] 	policy [[Input]] time consumed: 17135
D/OKINAWA ( 1779): [40076154] evaluate Input end
D/OKINAWA ( 1779): [40076154] 
D/OKINAWA ( 1779): [40076154] evaluate PendingInput begin
D/OKINAWA ( 1779): [40076154] static op = 136, handwrite mask = 0, mask visible = 0
D/OKINAWA ( 1779): [40076154] set surface support operation = 8
D/OKINAWA ( 1779): [40076154] 	PendingInput Content
D/OKINAWA ( 1779): [40076154] 	resolve index = 0
D/OKINAWA ( 1779): [40076154] 		pending content: (0 ~ 3)
D/OKINAWA ( 1779): [40076154] 			 code = 65563, shift = true
D/OKINAWA ( 1779): [40076154] 			 code = 65565, shift = false
D/OKINAWA ( 1779): [40076154] 			 code = 65566, shift = false
D/OKINAWA ( 1779): [40076154] 	policy [[PendingInput]] time consumed: 80886
D/OKINAWA ( 1779): [40076154] evaluate PendingInput end
D/OKINAWA ( 1779): [40076154] 
D/OKINAWA ( 1779): [40076154] evaluate CommitText begin
D/OKINAWA ( 1779): [40076154] return size = 0
D/OKINAWA ( 1779): [40076154] return size = 2
D/OKINAWA ( 1779): [40076154] 	a
D/OKINAWA ( 1779): [40076154] 	b
D/OKINAWA ( 1779): [40076154] chars_before_cursor[0] = 97, chars_before_cursor[1] = 98, char_after_cursor = 0, sp = 32
D/OKINAWA ( 1779): [40076154] call function = is_legal_character, param = 98, result = 1
D/OKINAWA ( 1779): [40076154] 	policy [[CommitText]] time consumed: 492031
D/OKINAWA ( 1779): [40076154] evaluate CommitText end
D/OKINAWA ( 1779): [40076154] 
D/OKINAWA ( 1779): [40076154] evaluate UserWord begin
D/OKINAWA ( 1779): [40076154] 	policy [[UserWord]] time consumed: 4896
D/OKINAWA ( 1779): [40076154] evaluate UserWord end
D/OKINAWA ( 1779): [40076154] 
D/OKINAWA ( 1779): [40076154] Policy EditorInfo end_circle begin
D/OKINAWA ( 1779): [40076154] Policy EditorInfo end_circle end
D/OKINAWA ( 1779): [40076154] Policy CurrentEvent end_circle begin
D/OKINAWA ( 1779): [40076154] Policy CurrentEvent end_circle end
D/OKINAWA ( 1779): [40076154] Policy Settings end_circle begin
D/OKINAWA ( 1779): [40076154] Policy Settings end_circle end
D/OKINAWA ( 1779): [40076154] Policy SystemConfig end_circle begin
D/OKINAWA ( 1779): [40076154] Policy SystemConfig end_circle end
D/OKINAWA ( 1779): [40076154] Policy Language end_circle begin
D/OKINAWA ( 1779): [40076154] Policy Language end_circle end
D/OKINAWA ( 1779): [40076154] Policy TriStatus end_circle begin
D/OKINAWA ( 1779): [40076154] Policy TriStatus end_circle end
D/OKINAWA ( 1779): [40076154] Policy Surface end_circle begin
D/OKINAWA ( 1779): [40076154] Policy Surface end_circle end
D/OKINAWA ( 1779): [40076154] Policy Multitap end_circle begin
D/OKINAWA ( 1779): [40076154] event type = 4
D/OKINAWA ( 1779): [40076154] state 1 -> 1
D/OKINAWA ( 1779): [40076154] Policy Multitap end_circle end
D/OKINAWA ( 1779): [40076154] Policy Input end_circle begin
D/OKINAWA ( 1779): [40076154] Policy Input end_circle end
D/OKINAWA ( 1779): [40076154] Policy Tab end_circle begin
D/OKINAWA ( 1779): [40076154] Policy Tab end_circle end
D/OKINAWA ( 1779): [40076154] Policy HandWrite end_circle begin
D/OKINAWA ( 1779): [40076154] Policy HandWrite end_circle end
D/OKINAWA ( 1779): [40076154] Policy Focus end_circle begin
D/OKINAWA ( 1779): [40076154] Policy Focus end_circle end
D/OKINAWA ( 1779): [40076154] Policy PendingInput end_circle begin
D/OKINAWA ( 1779): [40076154] context empty() ? 1
D/OKINAWA ( 1779): [40076154] Policy PendingInput end_circle end
D/OKINAWA ( 1779): [40076154] Policy Dictionary end_circle begin
D/OKINAWA ( 1779): [40076154] Policy Dictionary end_circle end
D/OKINAWA ( 1779): [40076154] Policy NextWord end_circle begin
D/OKINAWA ( 1779): [40076154] Policy NextWord end_circle end
D/OKINAWA ( 1779): [40076154] Policy Filter end_circle begin
D/OKINAWA ( 1779): [40076154] Policy Filter end_circle end
D/OKINAWA ( 1779): [40076154] Policy Resolve end_circle begin
D/OKINAWA ( 1779): [40076154] Policy Resolve end_circle end
D/OKINAWA ( 1779): [40076154] Policy Curve end_circle begin
D/OKINAWA ( 1779): [40076154] Policy Curve end_circle end
D/OKINAWA ( 1779): [40076154] Policy Candidate end_circle begin
D/OKINAWA ( 1779): [40076154] Policy Candidate end_circle end
D/OKINAWA ( 1779): [40076154] Policy InlineText end_circle begin
D/OKINAWA ( 1779): [40076154] transaction mode ? 0
D/OKINAWA ( 1779): [40076154] Policy InlineText end_circle end
D/OKINAWA ( 1779): [40076154] Policy CommitText end_circle begin
D/OKINAWA ( 1779): [40076154] Policy CommitText end_circle end
D/OKINAWA ( 1779): [40076154] Policy UserWord end_circle begin
D/OKINAWA ( 1779): [40076154] Policy UserWord end_circle end
D/OKINAWA ( 1779): [40076154] PolicyChain::execute() end
D/OKINAWA ( 1779): [40076154] 
D/OKINAWA ( 1779): [40076154] 
D/OKINAWA ( 1779): [40076154] is current thread interrupted ? 0
D/OKINAWA ( 1779): [40076154] on event UpdateSelectionEvent end
D/OKINAWA ( 1779): [40076154] handwrite mask visible: 0
D/OKINAWA ( 1779): [40076154] add expect for commit content
D/OKINAWA ( 1779): [40076154] m_system = (3 : 3), inline = (0 : 3)
D/OKINAWA ( 1779): [40076154] valid ? 1
D/OKINAWA ( 1779): [40076154] text before cursor: Cab
D/OKINAWA ( 1779): [40076154] text after cursor: 
D/OKINAWA ( 1779): [40076154] select before cursor: 3
D/OKINAWA ( 1779): [40076154] select after cursor: 0
D/OKINAWA ( 1779): [40076154] 	[user time]	[9779506647947]
D/OKINAWA ( 1779): [40076154] Driver::fire_operation: UpdateSelectionOperation end
D/OKINAWA ( 1779): [40076154] Drier::fire_operation() end
D/OKINAWA ( 1779): [40076154] change set: 0x0
D/OKINAWA ( 1779): [40076154] 
D/OKINAWA ( 1779): [40076154] 
D/dalvikvm( 1126): GC_CONCURRENT freed 396K, 5% free 17967K/18736K, paused 2ms+2ms, total 33ms
D/dalvikvm(  768): GC_EXPLICIT freed 2434K, 18% free 39609K/48144K, paused 3ms+8ms, total 120ms
D/dalvikvm( 1126): GC_CONCURRENT freed 380K, 5% free 17975K/18736K, paused 2ms+4ms, total 23ms
D/dalvikvm(  768): GC_EXPLICIT freed 2525K, 18% free 39583K/48144K, paused 4ms+7ms, total 118ms
D/dalvikvm( 1126): GC_CONCURRENT freed 388K, 5% free 17972K/18736K, paused 2ms+2ms, total 19ms
E/Keep    (31625): Update list item text, without set base version content://com.google.android.keep/list_item/272
D/WearableService( 1885): callingUid 10007, callindPid: 1885
W/KeepWearable(31625): GoogleApiClient failed to connect
W/SharedPreferencesManager( 9411): getInt() : name = nfdwifi_wifi_update_key : key = lastTime : defValue = 0
D/dalvikvm( 9411): GC_CONCURRENT freed 564K, 5% free 18015K/18776K, paused 3ms+7ms, total 32ms
D/dalvikvm( 9411): WAIT_FOR_CONCURRENT_GC blocked 2ms
D/dalvikvm( 9411): GC_FOR_ALLOC freed 111K, 5% free 18006K/18776K, paused 19ms, total 19ms
D/dalvikvm( 9411): GC_FOR_ALLOC freed 50K, 5% free 18015K/18776K, paused 13ms, total 13ms
D/dalvikvm( 9411): GC_FOR_ALLOC freed 47K, 5% free 18015K/18776K, paused 17ms, total 17ms
D/dalvikvm(  768): GC_EXPLICIT freed 2103K, 18% free 39568K/48144K, paused 3ms+7ms, total 113ms
D/dalvikvm( 1126): GC_CONCURRENT freed 392K, 5% free 17966K/18736K, paused 3ms+1ms, total 22ms
D/dalvikvm( 1126): GC_CONCURRENT freed 391K, 5% free 17965K/18736K, paused 3ms+3ms, total 40ms
D/dalvikvm(  768): GC_EXPLICIT freed 2507K, 18% free 39583K/48144K, paused 5ms+9ms, total 141ms
D/AndroidRuntime( 2146): 
D/AndroidRuntime( 2146): >>>>>> AndroidRuntime START com.android.internal.os.RuntimeInit <<<<<<
D/AndroidRuntime( 2146): CheckJNI is OFF
D/dalvikvm( 2146): Trying to load lib libjavacore.so 0x0
D/dalvikvm( 2146): Added shared lib libjavacore.so 0x0
D/dalvikvm( 2146): Trying to load lib libnativehelper.so 0x0
D/dalvikvm( 2146): Added shared lib libnativehelper.so 0x0
D/dalvikvm( 2146): No JNI_OnLoad found in libnativehelper.so 0x0, skipping init
D/dalvikvm( 2146): Note: class Landroid/app/ActivityManagerNative; has 179 unimplemented (abstract) methods
D/dalvikvm( 1126): GC_CONCURRENT freed 381K, 5% free 17972K/18736K, paused 1ms+2ms, total 20ms
D/AndroidRuntime( 2146): Calling main entry com.android.commands.am.Am
D/AndroidRuntime( 2146): Shutting down VM
D/dalvikvm( 2146): GC_CONCURRENT freed 96K, 15% free 591K/692K, paused 0ms+0ms, total 2ms
D/dalvikvm(  768): GC_EXPLICIT freed 2449K, 18% free 39583K/48144K, paused 2ms+8ms, total 110ms
D/dalvikvm( 1126): GC_CONCURRENT freed 390K, 5% free 17971K/18736K, paused 3ms+3ms, total 24ms
D/dalvikvm( 1126): GC_CONCURRENT freed 397K, 5% free 17967K/18736K, paused 4ms+3ms, total 25ms
D/dalvikvm(  768): GC_EXPLICIT freed 2482K, 18% free 39584K/48144K, paused 6ms+8ms, total 133ms
D/dalvikvm( 1126): GC_CONCURRENT freed 379K, 5% free 17971K/18736K, paused 2ms+1ms, total 18ms
I/cache_log( 3562): TBSEngine:353490061398828||460001721581356||google||Nexus 5||1776*1080||||Wi-Fi||Unknown||700171||23181017||5.4.0||ltzyclt||ltzyclt||2000106940||2000106940||Unknown||a||4.4.4||4.3.1.385788||1434064705657||U5rk5rn1fJoDAOMsHf12djnB||mini||-||-||-||-||_bv=-,_mac=48:59:29:f1:43:01,_umid=utdid,_io=1||1434076929106||Page_Session.Statistic||65116||api.m.taobao.com||60||8002||recvSizeCount=362,sendSizeCount=1006,inceptCount=,requestCount=1,ackTime=,ppkgCount=0,dep=131
D/dalvikvm(  768): GC_EXPLICIT freed 2484K, 18% free 39582K/48144K, paused 4ms+9ms, total 120ms
D/dalvikvm( 1126): GC_CONCURRENT freed 388K, 5% free 17968K/18736K, paused 3ms+2ms, total 19ms
D/dalvikvm( 1126): GC_CONCURRENT freed 393K, 5% free 17966K/18736K, paused 3ms+2ms, total 25ms
D/dalvikvm(  768): GC_EXPLICIT freed 2447K, 18% free 39580K/48144K, paused 4ms+7ms, total 126ms
D/dalvikvm( 1126): GC_CONCURRENT freed 379K, 5% free 17973K/18736K, paused 2ms+3ms, total 25ms
D/dalvikvm( 1244): GC_CONCURRENT freed 196K, 4% free 17581K/18260K, paused 2ms+2ms, total 17ms
D/dalvikvm(  768): GC_EXPLICIT freed 2458K, 18% free 39581K/48144K, paused 4ms+8ms, total 158ms
D/dalvikvm( 1126): GC_CONCURRENT freed 392K, 5% free 17970K/18736K, paused 1ms+1ms, total 17ms
D/dalvikvm( 1126): GC_CONCURRENT freed 400K, 5% free 17964K/18736K, paused 3ms+2ms, total 43ms
D/dalvikvm(  768): GC_EXPLICIT freed 2471K, 18% free 39581K/48144K, paused 3ms+7ms, total 107ms
D/dalvikvm( 1126): GC_CONCURRENT freed 377K, 5% free 17972K/18736K, paused 3ms+2ms, total 20ms
D/dalvikvm(  768): WAIT_FOR_CONCURRENT_GC blocked 1ms
D/dalvikvm(  768): GC_EXPLICIT freed 2453K, 18% free 39581K/48144K, paused 4ms+8ms, total 123ms
D/dalvikvm( 1126): GC_CONCURRENT freed 395K, 5% free 17969K/18736K, paused 3ms+3ms, total 27ms
D/dalvikvm( 1126): GC_CONCURRENT freed 401K, 5% free 17968K/18736K, paused 2ms+1ms, total 33ms
D/dalvikvm(  768): GC_EXPLICIT freed 2470K, 18% free 39580K/48144K, paused 5ms+8ms, total 134ms
D/dalvikvm( 1126): GC_CONCURRENT freed 389K, 5% free 17973K/18736K, paused 3ms+3ms, total 31ms
D/dalvikvm(  768): GC_EXPLICIT freed 2454K, 18% free 39581K/48144K, paused 4ms+8ms, total 142ms
D/dalvikvm( 1126): GC_CONCURRENT freed 390K, 5% free 17967K/18736K, paused 2ms+1ms, total 17ms
D/dalvikvm( 1126): GC_CONCURRENT freed 387K, 5% free 17970K/18736K, paused 1ms+2ms, total 28ms
D/dalvikvm(  768): GC_EXPLICIT freed 2474K, 18% free 39581K/48144K, paused 3ms+8ms, total 106ms
D/dalvikvm( 1126): GC_CONCURRENT freed 387K, 5% free 17972K/18736K, paused 2ms+2ms, total 30ms
D/dalvikvm( 1126): GC_CONCURRENT freed 390K, 5% free 17970K/18736K, paused 3ms+2ms, total 31ms
D/dalvikvm(  768): GC_EXPLICIT freed 2452K, 18% free 39582K/48144K, paused 5ms+8ms, total 142ms
D/dalvikvm( 1126): GC_CONCURRENT freed 378K, 4% free 18018K/18736K, paused 2ms+3ms, total 21ms
I/ActivityManager(  768): Start proc com.google.android.gms.unstable for service com.google.android.gms/.droidguard.DroidGuardService: pid=2211 uid=10007 gids={50007, 3003, 1007, 1028, 1015, 3002, 3001, 3007, 2001, 3006}
W/dalvikvm( 2211): VFY: unable to resolve static field 629 (PR_SET_DUMPABLE) in Landroid/system/OsConstants;
D/dalvikvm( 2211): VFY: replacing opcode 0x60 at 0x000b
I/MultiDex( 2211): VM with version 1.6.0 does not have multidex support
I/MultiDex( 2211): install
I/MultiDex( 2211): MultiDexExtractor.load(/data/app/com.google.android.gms-2.apk, false)
I/MultiDex( 2211): loading existing secondary dex files
I/MultiDex( 2211): load found 3 secondary dex files
I/MultiDex( 2211): install done
I/ProviderInstaller( 2211): Insert disabled by gate 'gms:security:enable_conscrypt_in_gms_application'
D/GCM     ( 1126): GcmService start Intent { act=com.google.android.gms.INITIALIZE flg=0x10 pkg=com.google.android.gms cmp=com.google.android.gms/.gcm.GcmService } com.google.android.gms.INITIALIZE
D/AuthorizationBluetoothService( 1126): Received GmsCore event: Intent { act=com.google.android.gms.INITIALIZE flg=0x10 pkg=com.google.android.gms cmp=com.google.android.gms/.auth.be.proximity.authorization.bt.AuthorizationBluetoothService$AutoStarter }.
E/AuthorizationBluetoothService( 1126): Proximity feature is not enabled.
V/GmsCoreStatsServiceLauncher( 1225): Received broadcast intent Intent { act=com.google.android.gms.INITIALIZE flg=0x10 pkg=com.google.android.gms cmp=com.google.android.gms/.common.stats.GmsCoreStatsServiceLauncher }
I/dalvikvm( 2211): Could not find method android.content.pm.PackageManager.getPackageInstaller, referenced from method com.google.android.gms.common.ij.a
W/dalvikvm( 2211): VFY: unable to resolve virtual method 449: Landroid/content/pm/PackageManager;.getPackageInstaller ()Landroid/content/pm/PackageInstaller;
D/dalvikvm( 2211): VFY: replacing opcode 0x6e at 0x000d
I/dalvikvm( 2211): Could not find method android.app.Notification$Builder.setLocalOnly, referenced from method com.google.android.gms.common.ij.b
W/dalvikvm( 2211): VFY: unable to resolve virtual method 154: Landroid/app/Notification$Builder;.setLocalOnly (Z)Landroid/app/Notification$Builder;
D/dalvikvm( 2211): VFY: replacing opcode 0x6e at 0x0201
D/LocationInitializer( 1225): Restart initialization of location
D/WearableService( 1885): callingUid 10007, callindPid: 1885
E/MDM     (  998): [84] b.run: Couldn't connect to Google API client: ConnectionResult{statusCode=API_UNAVAILABLE, resolution=null}
D/dalvikvm( 2211): GC_CONCURRENT freed 339K, 3% free 16867K/17240K, paused 2ms+3ms, total 31ms
D/WVCdm   (  187): Instantiating CDM.
I/WVCdm   (  187): Level3 Library Nov 20 2013 18:09:31
D/DrmWidevineDash(  187): calling OEMCrypto_Initialize, g_qsee_apps_version = 6
D/DrmWidevineDash(  187): Service_Initialize: widevine DASH app is already open!
D/DrmWidevineDash(  187): OEMCrypto_Initialize sion_buffer g_wv_fhandle->ion_sbuffer  0x0xb55b2000
E/DrmWidevineDash(  187): sion_buffer g_wv_fhandle->ion_sbuffer  0x0xb55b2000
D/DrmWidevineDash(  187): OEMCrypto_Initialize exit returns 0
D/DrmWidevineDash(  187): calling OEMCrypto_APIVersion...
D/DrmWidevineDash(  187): OEMCrypto_APIVersion = 8
D/DrmWidevineDash(  187): calling OEMCrypto_IsKeyboxValid...
D/DrmWidevineDash(  187): OEMCrypto_IsKeyboxValid returns 0
D/WVCdm   (  187): OEMCrypto_Initialize Level 1 success. I will use level 1.
I/WVCdm   (  187): CdmEngine::OpenSession
D/DrmWidevineDash(  187): calling OEMCrypto_OpenSession...
D/DrmWidevineDash(  187): OEMCrypto_OpenSession SID = 1
D/DrmWidevineDash(  187): OEMCrypto_OpenSession returns 0
D/DrmWidevineDash(  187): calling OEMCrypto_GetRandom...
W/dalvikvm( 2211): VFY: unable to find class referenced in signature (Landroid/net/Network;)
W/dalvikvm( 2211): VFY: unable to find class referenced in signature (Landroid/net/Network;)
W/dalvikvm( 2211): VFY: unable to find class referenced in signature (Landroid/net/Network;)
W/dalvikvm( 2211): VFY: unable to find class referenced in signature (Landroid/net/Network;)
W/dalvikvm( 2211): VFY: unable to find class referenced in signature (Landroid/net/Network;)
D/DrmWidevineDash(  187): OEMCrypto_GetRandom returns 0
I/WVCdm   (  187): CdmEngine::QueryKeyControlInfo
I/WVCdm   (  187): CdmEngine::GenerateKeyRequest
D/DrmWidevineDash(  187): calling OEMCrypto_LoadDeviceRSAKey. SID = 1
W/dalvikvm( 2211): VFY: unable to find class referenced in signature (Landroid/net/Network;)
I/dalvikvm( 2211): Could not find method android.net.Network.openConnection, referenced from method com.google.android.gms.http.g.a
W/dalvikvm( 2211): VFY: unable to resolve virtual method 1231: Landroid/net/Network;.openConnection (Ljava/net/URL;)Ljava/net/URLConnection;
D/dalvikvm( 2211): VFY: replacing opcode 0x6e at 0x00bb
D/DrmWidevineDash(  187): OEMCrypto_LoadDeviceRSAKey returns 0
D/DrmWidevineDash(  187): calling OEMCrypto_GetDeviceID...
I/GoogleURLConnFactory( 2211): Using platform SSLCertificateSocketFactory
D/DrmWidevineDash(  187): OEMCrypto_GetDeviceID returns 0
D/DrmWidevineDash(  187): calling OEMCrypto_GenerateNonce. SID = 1
D/DrmWidevineDash(  187): OEMCrypto_GenerateNonce returns 0
D/WVCdm   (  187): PrepareKeyRequest: nonce=682533276
D/DrmWidevineDash(  187): calling OEMCrypto_GenerateRSASignature. SID = 1
D/DrmWidevineDash(  187): OEMCrypto_GenerateRSASignature needs buffer size = 256
D/DrmWidevineDash(  187): OEMCrypto_GenerateRSASignature returns 7
D/DrmWidevineDash(  187): calling OEMCrypto_GenerateRSASignature. SID = 1
D/dalvikvm( 2211): GC_CONCURRENT freed 255K, 2% free 17098K/17388K, paused 1ms+4ms, total 14ms
D/DrmWidevineDash(  187): OEMCrypto_GenerateRSASignature returns 0
I/WVCdm   (  187): CdmEngine::CloseSession
D/DrmWidevineDash(  187): calling OEMCrypto_CloseSession. SID = 1
D/DrmWidevineDash(  187): OEMCrypto_CloseSession returns 0
D/dalvikvm(  768): GC_EXPLICIT freed 2241K, 18% free 39597K/48144K, paused 4ms+7ms, total 125ms
D/dalvikvm( 1126): GC_CONCURRENT freed 422K, 5% free 17984K/18736K, paused 3ms+2ms, total 25ms
D/dalvikvm( 1126): GC_CONCURRENT freed 395K, 5% free 17978K/18736K, paused 7ms+2ms, total 25ms
D/dalvikvm(  768): GC_EXPLICIT freed 2436K, 18% free 39609K/48144K, paused 2ms+7ms, total 105ms
