D/ConnectivityService(  768): setProvNotificationVisible: E visible=false networkType=1 extraInfo=null url=null
I/ActivityManager(  768): Start proc com.tmall.wireless:notify for broadcast com.tmall.wireless/com.taobao.appcenter.util.app.PhoneStatusReceiver: pid=24042 uid=10088 gids={50088, 3003, 1028, 1015, 3002, 3001}
I/PowerManagerService(  768): Going to sleep by user request...
I/ActivityManager(  768): Start proc com.google.android.gallery3d for broadcast com.google.android.gallery3d/com.google.android.picasasync.ConnectivityReceiver: pid=24116 uid=10039 gids={50039, 3003, 1028, 1015}
I/ActivityManager(  768): Killing 23243:com.zdworks.android.zdclock:remote/u0a96 (adj 15): empty #17
I/ActivityManager(  768): Start proc com.google.android.apps.maps for broadcast com.google.android.apps.maps/com.google.userfeedback.android.api.FeedbackConnectivityReceiver: pid=24153 uid=10057 gids={50057, 3003, 1028, 1015, 3002, 3001}
D/MobileDataStateTracker(  768): default: setPolicyDataEnable(enabled=true)
V/NotificationService(  768): notifications are disabled by AppOps for com.google.android.gms
E/NotificationService(  768): Suppressing notification from package com.google.android.gms by user request.
W/ActivityManager(  768): Unable to start service Intent { act=anetwork.channel.aidl.ISwitchHandlerSetter pkg=com.tmall.wireless } U=0: not found
I/ActivityManager(  768): START u0 {flg=0x10100000 cmp=com.jiongji.andriod.card/com.baicizhan.client.wordlock.activity.WordLockClient (has extras)} from pid 20634
I/ActivityManager(  768): Start proc com.android.chrome for broadcast com.android.chrome/com.google.android.apps.chrome.precache.PrecacheServiceLauncher: pid=24201 uid=10031 gids={50031, 3003, 1028, 1015}
I/ActivityManager(  768): Killing 23289:com.emoji.coolkeyboard/u0a76 (adj 15): empty #17
I/ActivityManager(  768): Start proc com.google.android.apps.plus for broadcast com.google.android.apps.plus/.service.ConnectivityReceiver: pid=24218 uid=10063 gids={50063, 3003, 3002, 1028, 1015}
I/ActivityManager(  768): Killing 23312:com.autonavi.minimap/u0a82 (adj 15): empty #17
W/BroadcastQueue(  768): Failure sending broadcast Intent { act=android.intent.action.SCREEN_OFF flg=0x50000010 }
W/BroadcastQueue(  768): android.os.DeadObjectException
W/BroadcastQueue(  768): 	at android.os.BinderProxy.transact(Native Method)
W/BroadcastQueue(  768): 	at android.content.IIntentReceiver$Stub$Proxy.performReceive(IIntentReceiver.java:124)
W/BroadcastQueue(  768): 	at com.android.server.am.BroadcastQueue.performReceiveLocked(BroadcastQueue.java:424)
W/BroadcastQueue(  768): 	at com.android.server.am.BroadcastQueue.deliverToRegisteredReceiverLocked(BroadcastQueue.java:507)
W/BroadcastQueue(  768): 	at com.android.server.am.BroadcastQueue.processNextBroadcast(BroadcastQueue.java:714)
W/BroadcastQueue(  768): 	at com.android.server.am.ActivityManagerService.finishReceiver(ActivityManagerService.java:13815)
W/BroadcastQueue(  768): 	at android.app.ActivityManagerNative.onTransact(ActivityManagerNative.java:383)
W/BroadcastQueue(  768): 	at com.android.server.am.ActivityManagerService.onTransact(ActivityManagerService.java:2071)
W/BroadcastQueue(  768): 	at android.os.Binder.execTransact(Binder.java:404)
W/BroadcastQueue(  768): 	at dalvik.system.NativeStart.run(Native Method)
W/FileUtils(23646): Failed to chmod(/storage/emulated/0/baicizhan/lockdb.db): libcore.io.ErrnoException: chmod failed: EPERM (Operation not permitted)
I/ActivityManager(  768): Start proc com.UCMobile:RemoteBackgroundProcess for broadcast com.UCMobile/com.uc.browser.msgpush.BackgroundProcessBroadcastReveiver: pid=24252 uid=10075 gids={50075, 3003, 1028, 1015}
I/ActivityManager(  768): Killing 23469:com.google.android.deskclock/u0a33 (adj 15): empty #17
I/ActivityManager(  768): Start proc com.UCMobile for broadcast com.UCMobile/com.ucweb.message.UcwebRegistrationReceiver: pid=24268 uid=10075 gids={50075, 3003, 1028, 1015}
I/ActivityManager(  768): Killing 23611:com.google.android.partnersetup/u0a11 (adj 15): empty #17
E/ActivityThread(24252): Service com.uc.browser.msgpush.RemoteBackgroundProcess has leaked IntentReceiver com.uc.base.net.a.aa@426299b8 that was originally registered here. Are you missing a call to unregisterReceiver()?
E/ActivityThread(24252): android.app.IntentReceiverLeaked: Service com.uc.browser.msgpush.RemoteBackgroundProcess has leaked IntentReceiver com.uc.base.net.a.aa@426299b8 that was originally registered here. Are you missing a call to unregisterReceiver()?
E/ActivityThread(24252): 	at android.app.LoadedApk$ReceiverDispatcher.<init>(LoadedApk.java:796)
E/ActivityThread(24252): 	at android.app.LoadedApk.getReceiverDispatcher(LoadedApk.java:597)
E/ActivityThread(24252): 	at android.app.ContextImpl.registerReceiverInternal(ContextImpl.java:1438)
E/ActivityThread(24252): 	at android.app.ContextImpl.registerReceiver(ContextImpl.java:1418)
E/ActivityThread(24252): 	at android.app.ContextImpl.registerReceiver(ContextImpl.java:1412)
E/ActivityThread(24252): 	at android.content.ContextWrapper.registerReceiver(ContextWrapper.java:467)
E/ActivityThread(24252): 	at com.uc.base.net.a.z.a(ProGuard:65)
E/ActivityThread(24252): 	at com.uc.browser.msgpush.RemoteBackgroundProcess.onCreate(ProGuard:182)
E/ActivityThread(24252): 	at android.app.ActivityThread.handleCreateService(ActivityThread.java:2558)
E/ActivityThread(24252): 	at android.app.ActivityThread.access$1800(ActivityThread.java:135)
E/ActivityThread(24252): 	at android.app.ActivityThread$H.handleMessage(ActivityThread.java:1278)
E/ActivityThread(24252): 	at android.os.Handler.dispatchMessage(Handler.java:102)
E/ActivityThread(24252): 	at android.os.Looper.loop(Looper.java:136)
E/ActivityThread(24252): 	at android.app.ActivityThread.main(ActivityThread.java:5001)
E/ActivityThread(24252): 	at java.lang.reflect.Method.invokeNative(Native Method)
E/ActivityThread(24252): 	at java.lang.reflect.Method.invoke(Method.java:515)
E/ActivityThread(24252): 	at com.android.internal.os.ZygoteInit$MethodAndArgsCaller.run(ZygoteInit.java:785)
E/ActivityThread(24252): 	at com.android.internal.os.ZygoteInit.main(ZygoteInit.java:601)
E/ActivityThread(24252): 	at dalvik.system.NativeStart.main(Native Method)
W/ActivityManager(  768): Unable to start service Intent { act=android.net.conn.CONNECTIVITY_CHANGE flg=0x4000010 cmp=com.UCMobile/.push.UcwebIntentService (has extras) } U=0: not found
I/ActivityManager(  768): Start proc com.mfw.roadbook:bdservice_v1 for broadcast com.mfw.roadbook/com.baidu.android.moplus.MoPlusReceiver: pid=24282 uid=10121 gids={50121, 1028, 1015, 3003}
I/ActivityManager(  768): Killing 10971:fm.qingting.qtradio/u0a281 (adj 15): empty #17
I/ActivityManager(  768): Killing 23236:com.dianping.v1:dppushservice/u0a77 (adj 15): empty for 5742s
I/ActivityManager(  768): Process com.mfw.roadbook:bdservice_v1 (pid 24282) has died.
I/ActivityManager(  768): Start proc fm.qingting.qtradio for broadcast fm.qingting.qtradio/.notification.ScreenOnReceiver: pid=24319 uid=10281 gids={50281, 3003, 1028, 1015, 3001, 3002}
I/ActivityManager(  768): Start proc fm.qingting.qtradio:pushservice for service fm.qingting.qtradio/.pushmessage.UmengPushIntentService: pid=24363 uid=10281 gids={50281, 3003, 1028, 1015, 3001, 3002}
I/ActivityManager(  768): Killing 23757:com.tencent.mobileqq/u0a89 (adj 15): empty #17
I/ActivityManager(  768): Start proc com.zdworks.android.zdclock:remote for broadcast com.zdworks.android.zdclock/.receiver.NetworkStateChangedReceiver: pid=24378 uid=10096 gids={50096, 3003, 1028, 1015}
I/ActivityManager(  768): Killing 24167:com.cootek.smartdialer:remote/u0a101 (adj 15): empty #17
W/ActivityManager(  768): Scheduling restart of crashed service com.cootek.smartdialer/com.baidu.location.f in 1000ms
I/ActivityManager(  768): Killing 17026:com.cootek.smartdialer/u0a101 (adj 15): empty #17
I/WindowState(  768): WIN DEATH: Window{43019fb8 u0 com.cootek.smartdialer}
I/ActivityManager(  768): Start proc com.emoji.coolkeyboard for broadcast com.emoji.coolkeyboard/com.umeng.message.RegistrationReceiver: pid=24407 uid=10076 gids={50076, 1028, 1015, 3003}
I/ActivityManager(  768): Start proc com.autonavi.minimap for broadcast com.autonavi.minimap/com.umeng.message.RegistrationReceiver: pid=24427 uid=10082 gids={50082, 3003, 1028, 1015}
I/ActivityManager(  768): Killing 23980:com.google.android.keep/u0a52 (adj 15): empty #17
I/ActivityManager(  768): Start proc com.cootek.smartdialer for service com.cootek.smartdialer/.TService: pid=24455 uid=10101 gids={50101, 3003, 1028, 1015, 3002}
I/PackageManager(  768): Adding preferred activity ComponentInfo{com.jb.gosms/com.jb.gosms.ui.ComposeMessageActivity} for user 0 :
I/PackageManager(  768): Adding preferred activity ComponentInfo{com.jb.gosms/com.jb.gosms.ui.ComposeMessageActivity} for user 0 :
I/PackageManager(  768): Adding preferred activity ComponentInfo{com.jb.gosms/com.jb.gosms.ui.ComposeMessageActivity} for user 0 :
I/PackageManager(  768): Adding preferred activity ComponentInfo{com.jb.gosms/com.jb.gosms.ui.ComposeMessageActivity} for user 0 :
I/PackageManager(  768): Adding preferred activity ComponentInfo{com.jb.gosms/com.jb.gosms.ui.ComposeMessageActivity} for user 0 :
I/ActivityManager(  768): Killing 23703:com.android.vending/u0a14 (adj 15): empty #17
I/PackageManager(  768): Adding preferred activity ComponentInfo{com.jb.gosms/com.jb.gosms.ui.ComposeMessageActivity} for user 0 :
I/PackageManager(  768): Adding preferred activity ComponentInfo{com.jb.gosms/com.jb.gosms.ui.ComposeMessageActivity} for user 0 :
I/PackageManager(  768): Adding preferred activity ComponentInfo{com.jb.gosms/com.jb.gosms.ui.ComposeMessageActivity} for user 0 :
I/ActivityManager(  768): Killing 24042:com.tmall.wireless:notify/u0a88 (adj 15): empty #17
I/ActivityManager(  768): Start proc com.mfw.roadbook:bdservice_v1 for broadcast com.mfw.roadbook/com.baidu.android.moplus.MoPlusReceiver: pid=24513 uid=10121 gids={50121, 1028, 1015, 3003}
I/ActivityManager(  768): Process com.mfw.roadbook:bdservice_v1 (pid 24513) has died.
D/ConnectivityService(  768): handleInetConditionChange: no active default network - ignore
I/ActivityManager(  768): Start proc com.android.vending for broadcast com.android.vending/com.google.android.finsky.receivers.PackageMonitorReceiver$RegisteredReceiver: pid=24551 uid=10014 gids={50014, 3003, 1028, 1015}
I/ActivityManager(  768): Start proc com.google.android.deskclock for broadcast com.google.android.deskclock/com.android.alarmclock.DigitalAppWidgetProvider: pid=24614 uid=10033 gids={50033, 1028}
I/ActivityManager(  768): Killing 23914:com.android.settings/1000 (adj 15): empty #17
I/ActivityManager(  768): Killing 24116:com.google.android.gallery3d/u0a39 (adj 15): empty #17
W/ProcessCpuTracker(  768): Skipping unknown process pid 24678
W/ProcessCpuTracker(  768): Skipping unknown process pid 24681
D/ConnectivityService(  768): handleInetConditionChange: no active default network - ignore
D/ConnectivityService(  768): NetTransition Wakelock for ConnectedState released by timeout
D/ConnectivityService(  768): handleInetConditionChange: no active default network - ignore
W/BroadcastQueue(  768): Permission Denial: broadcasting Intent { act=com.cootek.usage.alarm_operation flg=0x14 (has extras) } from com.cootek.smartinputv5 (pid=-1, uid=10279) is not exported from uid 10101 due to receiver com.cootek.smartdialer/com.cootek.usage.UsageAlarmReceiver
D/ConnectivityService(  768): handleInetConditionChange: no active default network - ignore
D/MobileDataStateTracker(  768): default: setPolicyDataEnable(enabled=true)
W/ActivityManager(  768): Permission Denial: service asks to run as user -2 but is calling from user 0; this requires android.permission.INTERACT_ACROSS_USERS_FULL
I/ActivityManager(  768): Start proc com.tencent.mobileqq for content provider com.tencent.mobileqq/com.tencent.mqq.shared_file_accessor.ContentProviderImpl: pid=25125 uid=10089 gids={50089, 3003, 3002, 3001, 1028, 1015}
I/ActivityManager(  768): Killing 24153:com.google.android.apps.maps/u0a57 (adj 15): empty #17
D/ConnectivityService(  768): handleInetConditionChange: no active default network - ignore
D/ConnectivityService(  768): Sampling interval elapsed, updating statistics ..
D/ConnectivityService(  768): Done.
D/ConnectivityService(  768): Setting timer for 720seconds
V/BackupManagerService(  768): Running a backup pass
V/BackupManagerService(  768): clearing pending backups
V/PerformBackupTask(  768): Beginning backup of 15 targets
D/PerformBackupTask(  768): invokeAgentForBackup on @pm@
D/BackupManagerService(  768): Now staging backup of com.komoxo.octopusime
D/BackupManagerService(  768): Now staging backup of com.google.android.talk
D/BackupManagerService(  768): Now staging backup of android
D/BackupManagerService(  768): Now staging backup of com.android.nfc
D/BackupManagerService(  768): Now staging backup of com.android.providers.userdictionary
D/BackupManagerService(  768): Now staging backup of com.android.sharedstoragebackup
D/BackupManagerService(  768): Now staging backup of com.android.providers.settings
D/BackupManagerService(  768): Now staging backup of com.google.android.googlequicksearchbox
D/BackupManagerService(  768): Now staging backup of com.google.android.calendar
D/BackupManagerService(  768): Now staging backup of com.android.vending
D/BackupManagerService(  768): Now staging backup of com.google.android.marvin.talkback
D/BackupManagerService(  768): Now staging backup of com.google.android.dialer
D/BackupManagerService(  768): Now staging backup of com.syntellia.fleksy.kb
D/BackupManagerService(  768): Now staging backup of com.google.android.gm
D/BackupManagerService(  768): Now staging backup of com.google.android.inputmethod.latin
I/BackupManagerService(  768): Backup time but one already running
I/PerformBackupTask(  768): Backup pass finished.
W/SocketClient(  181): write error (Broken pipe)
W/SocketClient(  181): write error (Broken pipe)
W/SocketClient(  181): write error (Broken pipe)
W/SocketClient(  181): write error (Broken pipe)
W/SocketClient(  181): write error (Broken pipe)
W/SocketClient(  181): write error (Broken pipe)
W/SocketClient(  181): write error (Broken pipe)
W/SocketClient(  181): write error (Broken pipe)
W/SocketClient(  181): write error (Broken pipe)
W/SocketClient(  181): write error (Broken pipe)
D/ConnectivityService(  768): handleInetConditionChange: no active default network - ignore
W/SocketClient(  181): write error (Broken pipe)
W/SocketClient(  181): write error (Broken pipe)
W/SocketClient(  181): write error (Broken pipe)
V/BackupManagerService(  768): Running a backup pass
V/BackupManagerService(  768): clearing pending backups
V/PerformBackupTask(  768): Beginning backup of 15 targets
D/PerformBackupTask(  768): invokeAgentForBackup on @pm@
D/BackupManagerService(  768): Now staging backup of com.komoxo.octopusime
D/BackupManagerService(  768): Now staging backup of android
D/BackupManagerService(  768): Now staging backup of com.google.android.talk
D/BackupManagerService(  768): Now staging backup of com.android.nfc
D/BackupManagerService(  768): Now staging backup of com.android.providers.userdictionary
D/BackupManagerService(  768): Now staging backup of com.android.sharedstoragebackup
D/BackupManagerService(  768): Now staging backup of com.android.providers.settings
D/BackupManagerService(  768): Now staging backup of com.google.android.calendar
D/BackupManagerService(  768): Now staging backup of com.google.android.googlequicksearchbox
D/BackupManagerService(  768): Now staging backup of com.android.vending
D/BackupManagerService(  768): Now staging backup of com.google.android.marvin.talkback
D/BackupManagerService(  768): Now staging backup of com.google.android.dialer
D/BackupManagerService(  768): Now staging backup of com.syntellia.fleksy.kb
D/BackupManagerService(  768): Now staging backup of com.google.android.gm
D/BackupManagerService(  768): Now staging backup of com.google.android.inputmethod.latin
I/BackupManagerService(  768): Backup time but one already running
I/PerformBackupTask(  768): Backup pass finished.
W/SocketClient(  181): write error (Broken pipe)
W/SocketClient(  181): write error (Broken pipe)
W/SocketClient(  181): write error (Broken pipe)
W/SocketClient(  181): write error (Broken pipe)
W/SocketClient(  181): write error (Broken pipe)
W/SocketClient(  181): write error (Broken pipe)
W/SocketClient(  181): write error (Broken pipe)
W/SocketClient(  181): write error (Broken pipe)
W/SocketClient(  181): write error (Broken pipe)
W/SocketClient(  181): write error (Broken pipe)
W/ProcessCpuTracker(  768): Skipping unknown process pid 25934
W/ProcessCpuTracker(  768): Skipping unknown process pid 25937
I/ActivityManager(  768): Killing 24268:com.UCMobile/u0a75 (adj 15): excessive wake held 898523 during 900003
W/SocketClient(  181): write error (Broken pipe)
W/SocketClient(  181): write error (Broken pipe)
W/SocketClient(  181): write error (Broken pipe)
W/SocketClient(  181): write error (Broken pipe)
I/ProcessStatsService(  768): Prepared write state in 17ms
I/ProcessStatsService(  768): Pruning old procstats: /data/system/procstats/state-2015-06-11-06-51-38.bin
W/SocketClient(  181): write error (Broken pipe)
W/BroadcastQueue(  768): Permission Denial: broadcasting Intent { act=com.cootek.usage.alarm_operation flg=0x14 (has extras) } from com.cootek.smartinputv5 (pid=-1, uid=10279) is not exported from uid 10101 due to receiver com.cootek.smartdialer/com.cootek.usage.UsageAlarmReceiver
W/SocketClient(  181): write error (Broken pipe)
W/SocketClient(  181): write error (Broken pipe)
I/PowerManagerService(  768): Waking up from sleep...
I/ActivityManager(  768): START u0 {flg=0x10100000 cmp=com.jiongji.andriod.card/com.baicizhan.client.wordlock.activity.WordLockClient (has extras)} from pid 20634
I/WindowManager(  768): No lock screen! windowToken=android.os.BinderProxy@430aef98
D/DisplayPowerController(  768): Unblocked screen on after 11686629 ms
W/FileUtils(23646): Failed to chmod(/storage/emulated/0/baicizhan/lockdb.db): libcore.io.ErrnoException: chmod failed: EPERM (Operation not permitted)
W/FileUtils(23646): Failed to chmod(/storage/emulated/0/baicizhan/lockdb.db): libcore.io.ErrnoException: chmod failed: EPERM (Operation not permitted)
W/FileUtils(23646): Failed to chmod(/storage/emulated/0/baicizhan/lockdb.db): libcore.io.ErrnoException: chmod failed: EPERM (Operation not permitted)
I/ActivityManager(  768): START u0 {act=android.settings.WIFI_SETTINGS flg=0x14000000 cmp=com.android.settings/.Settings$WifiSettingsActivity} from pid 859
I/ActivityManager(  768): Start proc com.android.settings for activity com.android.settings/.Settings$WifiSettingsActivity: pid=26450 uid=1000 gids={41000, 1028, 1015, 3002, 3001, 3003}
D/WifiService(  768): setWifiEnabled: true pid=26450, uid=1000
W/ContextImpl(26450): Calling a method in the system process without a qualified user: android.app.ContextImpl.bindService:1551 android.content.ContextWrapper.bindService:517 android.bluetooth.BluetoothInputDevice.doBind:245 android.bluetooth.BluetoothInputDevice.<init>:238 android.bluetooth.BluetoothAdapter.getProfileProxy:1367 
W/ContextImpl(26450): Calling a method in the system process without a qualified user: android.app.ContextImpl.bindService:1551 android.content.ContextWrapper.bindService:517 android.bluetooth.BluetoothPan.doBind:149 android.bluetooth.BluetoothPan.<init>:141 android.bluetooth.BluetoothAdapter.getProfileProxy:1370 
W/ContextImpl(26450): Calling a method in the system process without a qualified user: android.app.ContextImpl.bindService:1551 android.content.ContextWrapper.bindService:517 android.bluetooth.BluetoothMap.doBind:109 android.bluetooth.BluetoothMap.<init>:102 android.bluetooth.BluetoothAdapter.getProfileProxy:1376 
W/ContextImpl(26450): Calling a method in the system process without a qualified user: android.app.ContextImpl.bindService:1551 android.content.ContextWrapper.bindService:517 android.bluetooth.BluetoothPbap.doBind:164 android.bluetooth.BluetoothPbap.<init>:157 com.android.settings.bluetooth.PbapServerProfile.<init>:68 
I/ActivityManager(  768): Start proc com.google.android.keep for broadcast com.google.android.keep/.notification.AlertReceiver: pid=26497 uid=10052 gids={50052, 3003, 1028, 1015}
I/ActivityManager(  768): Killing 24201:com.android.chrome/u0a31 (adj 15): empty #17
D/MobileDataStateTracker(  768): default: setPolicyDataEnable(enabled=true)
W/SocketClient(  181): write error (Broken pipe)
D/ConnectivityService(  768): Captive portal check NetworkInfo: type: WIFI[], state: CONNECTING/CAPTIVE_PORTAL_CHECK, reason: (unspecified), extra: "COOTEK_WL", roaming: false, failover: false, isAvailable: true, isConnectedToProvisioningNetwork: false
D/ConnectivityService(  768): handleCaptivePortalTrackerCheck: call captivePortalCheckComplete ni=NetworkInfo: type: WIFI[], state: CONNECTING/CAPTIVE_PORTAL_CHECK, reason: (unspecified), extra: "COOTEK_WL", roaming: false, failover: false, isAvailable: true, isConnectedToProvisioningNetwork: false
D/ConnectivityService(  768): ConnectivityChange for WIFI: CONNECTED/CONNECTED
E/ConnectivityService(  768): Unexpected mtu value: android.net.wifi.WifiStateTracker@431579c8
D/Nat464Xlat(  768): requiresClat: netType=1, hasIPv4Address=true
D/MobileDataStateTracker(  768): default: setPolicyDataEnable(enabled=true)
D/MobileDataStateTracker(  768): default: setPolicyDataEnable(enabled=true)
D/ConnectivityService(  768): handleConnectivityChange: addresses changed linkProperty[1]: resetMask=0
D/ConnectivityService(  768):    car=removed=[] added=[fe80::4a59:29ff:fef1:4301/64,]
D/Nat464Xlat(  768): requiresClat: netType=1, hasIPv4Address=true
I/ActivityManager(  768): START u0 {act=android.intent.action.MAIN cat=[android.intent.category.LAUNCHER] flg=0x10200000 cmp=com.tencent.mm/.ui.LauncherUI bnds=[50,312][284,574] (has extras)} from pid 1060
I/ActivityManager(  768): Start proc com.tmall.wireless:notify for broadcast com.tmall.wireless/com.taobao.appcenter.util.app.PhoneStatusReceiver: pid=26743 uid=10088 gids={50088, 3003, 1028, 1015, 3002, 3001}
I/ActivityManager(  768): Killing 24252:com.UCMobile:RemoteBackgroundProcess/u0a75 (adj 15): empty #17
W/ActivityManager(  768): Unable to start service Intent { act=anetwork.channel.aidl.ISwitchHandlerSetter pkg=com.tmall.wireless } U=0: not found
I/ActivityManager(  768): Start proc com.google.android.gallery3d for broadcast com.google.android.gallery3d/com.google.android.picasasync.ConnectivityReceiver: pid=26826 uid=10039 gids={50039, 3003, 1028, 1015}
I/ActivityManager(  768): Killing 24363:fm.qingting.qtradio:pushservice/u0a281 (adj 15): empty #17
I/ActivityManager(  768): Killing 24378:com.zdworks.android.zdclock:remote/u0a96 (adj 15): empty #17
V/NotificationService(  768): notifications are disabled by AppOps for com.google.android.gms
E/NotificationService(  768): Suppressing notification from package com.google.android.gms by user request.
I/ActivityManager(  768): Start proc com.google.android.apps.maps for broadcast com.google.android.apps.maps/com.google.userfeedback.android.api.FeedbackConnectivityReceiver: pid=26860 uid=10057 gids={50057, 3003, 1028, 1015, 3002, 3001}
I/ActivityManager(  768): Start proc com.google.android.inputmethod.latin for service com.google.android.inputmethod.latin/com.android.inputmethod.latin.spellcheck.AndroidSpellCheckerService: pid=26876 uid=10054 gids={50054, 3003, 1028, 1015}
I/ActivityManager(  768): Start proc com.google.android.gms.wearable for service com.google.android.gms/.wearable.service.WearableService: pid=26903 uid=10007 gids={50007, 3003, 1007, 1028, 1015, 3002, 3001, 3007, 2001, 3006}
I/ActivityManager(  768): Start proc com.android.chrome for broadcast com.android.chrome/com.google.android.apps.chrome.precache.PrecacheServiceLauncher: pid=26918 uid=10031 gids={50031, 3003, 1028, 1015}
I/ActivityManager(  768): Killing 24407:com.emoji.coolkeyboard/u0a76 (adj 15): empty #17
W/ActivityThread(26860): ClassLoader.loadClass: The class loader returned by Thread.getContextClassLoader() may fail for processes that host multiple applications. You should explicitly specify a context class loader. For example: Thread.setContextClassLoader(getClass().getClassLoader());
I/ActivityManager(  768): Start proc com.UCMobile:RemoteBackgroundProcess for broadcast com.UCMobile/com.uc.browser.msgpush.BackgroundProcessBroadcastReveiver: pid=26939 uid=10075 gids={50075, 3003, 1028, 1015}
I/ActivityManager(  768): Killing 23866:android.process.acore/u0a3 (adj 15): empty #17
I/ActivityManager(  768): Start proc com.UCMobile for broadcast com.UCMobile/com.ucweb.message.UcwebRegistrationReceiver: pid=26958 uid=10075 gids={50075, 3003, 1028, 1015}
I/ActivityManager(  768): Killing 24427:com.autonavi.minimap/u0a82 (adj 15): empty #17
E/ActivityThread(26939): Service com.uc.browser.msgpush.RemoteBackgroundProcess has leaked IntentReceiver com.uc.base.net.a.aa@42628b28 that was originally registered here. Are you missing a call to unregisterReceiver()?
E/ActivityThread(26939): android.app.IntentReceiverLeaked: Service com.uc.browser.msgpush.RemoteBackgroundProcess has leaked IntentReceiver com.uc.base.net.a.aa@42628b28 that was originally registered here. Are you missing a call to unregisterReceiver()?
E/ActivityThread(26939): 	at android.app.LoadedApk$ReceiverDispatcher.<init>(LoadedApk.java:796)
E/ActivityThread(26939): 	at android.app.LoadedApk.getReceiverDispatcher(LoadedApk.java:597)
E/ActivityThread(26939): 	at android.app.ContextImpl.registerReceiverInternal(ContextImpl.java:1438)
E/ActivityThread(26939): 	at android.app.ContextImpl.registerReceiver(ContextImpl.java:1418)
E/ActivityThread(26939): 	at android.app.ContextImpl.registerReceiver(ContextImpl.java:1412)
E/ActivityThread(26939): 	at android.content.ContextWrapper.registerReceiver(ContextWrapper.java:467)
E/ActivityThread(26939): 	at com.uc.base.net.a.z.a(ProGuard:65)
E/ActivityThread(26939): 	at com.uc.browser.msgpush.RemoteBackgroundProcess.onCreate(ProGuard:182)
E/ActivityThread(26939): 	at android.app.ActivityThread.handleCreateService(ActivityThread.java:2558)
E/ActivityThread(26939): 	at android.app.ActivityThread.access$1800(ActivityThread.java:135)
E/ActivityThread(26939): 	at android.app.ActivityThread$H.handleMessage(ActivityThread.java:1278)
E/ActivityThread(26939): 	at android.os.Handler.dispatchMessage(Handler.java:102)
E/ActivityThread(26939): 	at android.os.Looper.loop(Looper.java:136)
E/ActivityThread(26939): 	at android.app.ActivityThread.main(ActivityThread.java:5001)
E/ActivityThread(26939): 	at java.lang.reflect.Method.invokeNative(Native Method)
E/ActivityThread(26939): 	at java.lang.reflect.Method.invoke(Method.java:515)
E/ActivityThread(26939): 	at com.android.internal.os.ZygoteInit$MethodAndArgsCaller.run(ZygoteInit.java:785)
E/ActivityThread(26939): 	at com.android.internal.os.ZygoteInit.main(ZygoteInit.java:601)
E/ActivityThread(26939): 	at dalvik.system.NativeStart.main(Native Method)
W/ActivityManager(  768): Unable to start service Intent { act=android.net.conn.CONNECTIVITY_CHANGE flg=0x4000010 cmp=com.UCMobile/.push.UcwebIntentService (has extras) } U=0: not found
I/ActivityManager(  768): Start proc com.dianping.v1:dppushservice for service com.dianping.v1/com.dianping.base.push.pushservice.dp.DPPushService: pid=26974 uid=10077 gids={50077, 3003, 1028, 1015}
I/ActivityManager(  768): Start proc com.mfw.roadbook:bdservice_v1 for broadcast com.mfw.roadbook/com.baidu.android.moplus.MoPlusReceiver: pid=26989 uid=10121 gids={50121, 1028, 1015, 3003}
D/ConnectivityService(  768): startUsingNetworkFeature reconnecting to 0: enableSUPL
D/ConnectivityService(  768): startUsingNetworkFeature X: return APN_REQUEST_STARTED
D/MobileDataStateTracker(  768): hipri: Broadcast received: ACTION_ANY_DATA_CONNECTION_FAILED ignore, mApnType=hipri != received apnType=supl
D/MobileDataStateTracker(  768): ia: Broadcast received: ACTION_ANY_DATA_CONNECTION_FAILED ignore, mApnType=ia != received apnType=supl
D/MobileDataStateTracker(  768): cbs: Broadcast received: ACTION_ANY_DATA_CONNECTION_FAILED ignore, mApnType=cbs != received apnType=supl
D/MobileDataStateTracker(  768): ims: Broadcast received: ACTION_ANY_DATA_CONNECTION_FAILED ignore, mApnType=ims != received apnType=supl
D/MobileDataStateTracker(  768): fota: Broadcast received: ACTION_ANY_DATA_CONNECTION_FAILED ignore, mApnType=fota != received apnType=supl
D/MobileDataStateTracker(  768): dun: Broadcast received: ACTION_ANY_DATA_CONNECTION_FAILED ignore, mApnType=dun != received apnType=supl
D/MobileDataStateTracker(  768): supl: dataEnabled
D/MobileDataStateTracker(  768): supl: setDetailed state, old =IDLE and new state=FAILED
D/ConnectivityService(  768): ConnectivityChange for mobile_supl: DISCONNECTED/FAILED
D/MobileDataStateTracker(  768): mms: Broadcast received: ACTION_ANY_DATA_CONNECTION_FAILED ignore, mApnType=mms != received apnType=supl
E/ConnectivityService(  768): Attempt to connect to mobile_supl failed (dataEnabled).
D/MobileDataStateTracker(  768): default: Broadcast received: ACTION_ANY_DATA_CONNECTION_FAILED ignore, mApnType=default != received apnType=supl
D/MobileDataStateTracker(  768): fota: Broadcast received: android.intent.action.ANY_DATA_STATE apnType=fota
D/MobileDataStateTracker(  768): fota: Received state=DISCONNECTED, old=DISCONNECTED, reason=dataEnabled
D/MobileDataStateTracker(  768): default: setPolicyDataEnable(enabled=true)
D/MobileDataStateTracker(  768): dun: Broadcast received: android.intent.action.ANY_DATA_STATE apnType=dun
D/MobileDataStateTracker(  768): dun: Received state=DISCONNECTED, old=DISCONNECTED, reason=dataEnabled
D/MobileDataStateTracker(  768): ia: Broadcast received: android.intent.action.ANY_DATA_STATE apnType=ia
D/MobileDataStateTracker(  768): default: setPolicyDataEnable(enabled=true)
D/MobileDataStateTracker(  768): ia: Received state=DISCONNECTED, old=DISCONNECTED, reason=dataEnabled
D/MobileDataStateTracker(  768): default: setPolicyDataEnable(enabled=true)
D/MobileDataStateTracker(  768): hipri: Broadcast received: android.intent.action.ANY_DATA_STATE apnType=hipri
D/MobileDataStateTracker(  768): hipri: Received state=DISCONNECTED, old=DISCONNECTED, reason=dataEnabled
D/MobileDataStateTracker(  768): ims: Broadcast received: android.intent.action.ANY_DATA_STATE apnType=ims
D/MobileDataStateTracker(  768): ims: Received state=DISCONNECTED, old=DISCONNECTED, reason=dataEnabled
D/MobileDataStateTracker(  768): mms: Broadcast received: android.intent.action.ANY_DATA_STATE apnType=mms
D/MobileDataStateTracker(  768): default: setPolicyDataEnable(enabled=true)
D/MobileDataStateTracker(  768): mms: Received state=DISCONNECTED, old=DISCONNECTED, reason=dataEnabled
D/MobileDataStateTracker(  768): cbs: Broadcast received: android.intent.action.ANY_DATA_STATE apnType=cbs
D/MobileDataStateTracker(  768): cbs: Received state=DISCONNECTED, old=DISCONNECTED, reason=dataEnabled
I/ActivityManager(  768): Process com.mfw.roadbook:bdservice_v1 (pid 26989) has died.
I/ActivityManager(  768): Start proc fm.qingting.qtradio:pushservice for service fm.qingting.qtradio/.pushmessage.UmengPushIntentService: pid=27052 uid=10281 gids={50281, 3003, 1028, 1015, 3001, 3002}
I/ActivityManager(  768): Killing 24551:com.android.vending/u0a14 (adj 15): empty #17
I/ActivityManager(  768): Start proc com.zdworks.android.zdclock:remote for broadcast com.zdworks.android.zdclock/.receiver.NetworkStateChangedReceiver: pid=27076 uid=10096 gids={50096, 3003, 1028, 1015}
W/ActivityThread(27076): ClassLoader.loadClass: The class loader returned by Thread.getContextClassLoader() may fail for processes that host multiple applications. You should explicitly specify a context class loader. For example: Thread.setContextClassLoader(getClass().getClassLoader());
D/ConnectivityService(  768): stopUsingNetworkFeature: teardown net 0: enableSUPL
I/ActivityManager(  768): Killing 25125:com.tencent.mobileqq/u0a89 (adj 15): empty #17
I/ActivityManager(  768): Start proc com.emoji.coolkeyboard for broadcast com.emoji.coolkeyboard/com.umeng.message.RegistrationReceiver: pid=27109 uid=10076 gids={50076, 1028, 1015, 3003}
I/ActivityManager(  768): Start proc com.autonavi.minimap for broadcast com.autonavi.minimap/com.umeng.message.RegistrationReceiver: pid=27141 uid=10082 gids={50082, 3003, 1028, 1015}
I/ActivityManager(  768): Killing 24614:com.google.android.deskclock/u0a33 (adj 15): empty #17
I/ActivityManager(  768): Start proc com.tencent.mobileqq for content provider com.tencent.mobileqq/com.tencent.mqq.shared_file_accessor.ContentProviderImpl: pid=27181 uid=10089 gids={50089, 3003, 3002, 3001, 1028, 1015}
I/ActivityManager(  768): Killing 23646:com.jiongji.andriod.card:wordlock/u0a264 (adj 15): empty #17
I/ActivityManager(  768): Killing 24455:com.cootek.smartdialer/u0a101 (adj 15): empty #17
I/WindowState(  768): WIN DEATH: Window{4318c218 u0 com.cootek.smartdialer}
I/ActivityManager(  768): Start proc com.cootek.smartdialer for broadcast com.cootek.smartdialer/com.igexin.download.DownloadReceiver: pid=27212 uid=10101 gids={50101, 3003, 1028, 1015, 3002}
I/ActivityManager(  768): Killing 26497:com.google.android.keep/u0a52 (adj 15): empty #17
I/ActivityManager(  768): Delay finish: com.google.android.gms/.init.InitializeGmsReceiver
I/ActivityManager(  768): Resuming delayed broadcast
I/ActivityManager(  768): Start proc com.tencent.mm:tools for broadcast com.tencent.mm/.booter.MMReceivers$ToolsProcessReceiver: pid=27234 uid=10078 gids={50078, 3003, 1028, 1015, 3002, 3001}
I/ActivityManager(  768): Start proc android.process.acore for content provider com.android.providers.contacts/.ContactsProvider2: pid=27256 uid=10003 gids={50003, 3003, 1028, 1015}
I/ActivityManager(  768): Killing 26450:com.android.settings/1000 (adj 15): empty #17
E/ActivityThread(27234): Failed to find provider info for com.tencent.mm.coolassist.debugprovider
I/ActivityManager(  768): Killing 26743:com.tmall.wireless:notify/u0a88 (adj 15): empty #17
W/BroadcastQueue(  768): Permission Denial: broadcasting Intent { act=com.tencent.mm.plugin.openapi.Intent.ACTION_REFRESH_WXAPP flg=0x10 } from com.tencent.mm (pid=21272, uid=10078) requires com.tencent.mm.plugin.permission.SEND due to receiver com.dianping.v1/com.dianping.main.thirdparty.wxapi.WXStartReceiver
W/BroadcastQueue(  768): Permission Denial: broadcasting Intent { act=com.tencent.mm.plugin.openapi.Intent.ACTION_REFRESH_WXAPP flg=0x10 } from com.tencent.mm (pid=21272, uid=10078) requires com.tencent.mm.plugin.permission.SEND due to receiver com.kugou.android/com.kugou.common.wxapi.AppRegister
W/BroadcastQueue(  768): Permission Denial: broadcasting Intent { act=com.tencent.mm.plugin.openapi.Intent.ACTION_REFRESH_WXAPP flg=0x10 } from com.tencent.mm (pid=21272, uid=10078) requires com.tencent.mm.plugin.permission.SEND due to receiver com.baidu.netdisk/.wxapi.AppRegister
I/ActivityManager(  768): Start proc com.tmall.wireless:notify for broadcast com.tmall.wireless/com.taobao.appcenter.util.app.PhoneStatusReceiver: pid=27328 uid=10088 gids={50088, 3003, 1028, 1015, 3002, 3001}
I/ActivityManager(  768): Killing 26826:com.google.android.gallery3d/u0a39 (adj 15): empty #17
W/ActivityManager(  768): Unable to start service Intent { act=anetwork.channel.aidl.ISwitchHandlerSetter pkg=com.tmall.wireless } U=0: not found
I/ActivityManager(  768): Start proc com.google.android.gallery3d for broadcast com.google.android.gallery3d/com.google.android.picasasync.ConnectivityReceiver: pid=27417 uid=10039 gids={50039, 3003, 1028, 1015}
I/ActivityManager(  768): Killing 26860:com.google.android.apps.maps/u0a57 (adj 15): empty #17
V/NotificationService(  768): notifications are disabled by AppOps for com.google.android.gms
E/NotificationService(  768): Suppressing notification from package com.google.android.gms by user request.
I/ActivityManager(  768): Start proc com.google.android.apps.maps for broadcast com.google.android.apps.maps/com.google.userfeedback.android.api.FeedbackConnectivityReceiver: pid=27438 uid=10057 gids={50057, 3003, 1028, 1015, 3002, 3001}
I/ActivityManager(  768): Killing 17317:com.dianping.v1/u0a77 (adj 15): empty #17
W/ActivityManager(  768): Unable to start service Intent { act=android.net.conn.CONNECTIVITY_CHANGE flg=0x4000010 cmp=com.UCMobile/.push.UcwebIntentService (has extras) } U=0: not found
W/ActivityThread(27438): ClassLoader.loadClass: The class loader returned by Thread.getContextClassLoader() may fail for processes that host multiple applications. You should explicitly specify a context class loader. For example: Thread.setContextClassLoader(getClass().getClassLoader());
I/ActivityManager(  768): Start proc com.dianping.v1 for broadcast com.dianping.v1/com.dianping.base.push.pushservice.PhoneStatusReceiver: pid=27461 uid=10077 gids={50077, 3003, 1028, 1015}
I/ActivityManager(  768): Start proc com.mfw.roadbook:bdservice_v1 for broadcast com.mfw.roadbook/com.baidu.android.moplus.MoPlusReceiver: pid=27494 uid=10121 gids={50121, 1028, 1015, 3003}
I/ActivityManager(  768): Killing 24319:fm.qingting.qtradio/u0a281 (adj 15): empty #17
I/ActivityManager(  768): Process com.mfw.roadbook:bdservice_v1 (pid 27494) has died.
I/ActivityManager(  768): Start proc fm.qingting.qtradio for broadcast fm.qingting.qtradio/.notification.ScreenOnReceiver: pid=27526 uid=10281 gids={50281, 3003, 1028, 1015, 3001, 3002}
I/ActivityManager(  768): Killing 27076:com.zdworks.android.zdclock:remote/u0a96 (adj 15): empty #17
I/ActivityManager(  768): Start proc com.zdworks.android.zdclock:remote for broadcast com.zdworks.android.zdclock/.receiver.NetworkStateChangedReceiver: pid=27553 uid=10096 gids={50096, 3003, 1028, 1015}
W/ActivityThread(27553): ClassLoader.loadClass: The class loader returned by Thread.getContextClassLoader() may fail for processes that host multiple applications. You should explicitly specify a context class loader. For example: Thread.setContextClassLoader(getClass().getClassLoader());
I/ActivityManager(  768): Killing 23594:com.google.android.googlequicksearchbox:search/u0a19 (adj 15): empty #17
I/ActivityManager(  768): Start proc com.google.android.googlequicksearchbox:search for service com.google.android.googlequicksearchbox/com.google.android.voicesearch.logger.EventLoggerService: pid=27588 uid=10019 gids={50019, 3003, 3001, 1028, 3002, 1015}
V/NotificationService(  768): notifications are disabled by AppOps for com.google.android.gms
E/NotificationService(  768): Suppressing notification from package com.google.android.gms by user request.
W/ActivityManager(  768): Unable to start service Intent { act=android.net.conn.CONNECTIVITY_CHANGE flg=0x4000010 cmp=com.UCMobile/.push.UcwebIntentService (has extras) } U=0: not found
I/ActivityManager(  768): Start proc com.mfw.roadbook:bdservice_v1 for broadcast com.mfw.roadbook/com.baidu.android.moplus.MoPlusReceiver: pid=27604 uid=10121 gids={50121, 1028, 1015, 3003}
I/ActivityManager(  768): Start proc com.google.android.partnersetup for content provider com.google.android.partnersetup/.RlzAppProvider: pid=27616 uid=10011 gids={50011, 3003}
I/ActivityManager(  768): Killing 27181:com.tencent.mobileqq/u0a89 (adj 15): empty #17
D/ConnectivityService(  768): setProvNotificationVisible: E visible=false networkType=1 extraInfo=null url=null
I/ActivityManager(  768): Process com.mfw.roadbook:bdservice_v1 (pid 27604) has died.
I/ActivityManager(  768): Start proc com.mfw.roadbook:bdservice_v1 for broadcast com.mfw.roadbook/com.baidu.android.moplus.MoPlusReceiver: pid=27684 uid=10121 gids={50121, 1028, 1015, 3003}
I/ActivityManager(  768): Process com.mfw.roadbook:bdservice_v1 (pid 27684) has died.
I/ActivityManager(  768): Delay finish: com.eg.android.AlipayGphone/com.alipay.mobile.logmonitor.ClientMonitorWakeupReceiver
I/ActivityManager(  768): Resuming delayed broadcast
I/ActivityManager(  768): Start proc com.mfw.roadbook:bdservice_v1 for broadcast com.mfw.roadbook/com.baidu.android.moplus.MoPlusReceiver: pid=27709 uid=10121 gids={50121, 1028, 1015, 3003}
I/ActivityManager(  768): Process com.mfw.roadbook:bdservice_v1 (pid 27709) has died.
I/ActivityManager(  768): Start proc com.mfw.roadbook:bdservice_v1 for broadcast com.mfw.roadbook/com.baidu.android.moplus.MoPlusReceiver: pid=27741 uid=10121 gids={50121, 1028, 1015, 3003}
I/ActivityManager(  768): Process com.mfw.roadbook:bdservice_v1 (pid 27741) has died.
I/ActivityManager(  768): Start proc com.google.android.deskclock for broadcast com.google.android.deskclock/com.android.alarmclock.DigitalAppWidgetProvider: pid=27769 uid=10033 gids={50033, 1028}
I/ActivityManager(  768): Killing 27256:android.process.acore/u0a3 (adj 15): empty #17
I/ActivityManager(  768): Killing 27328:com.tmall.wireless:notify/u0a88 (adj 15): empty #17
I/ActivityManager(  768): Start proc android.process.acore for content provider com.android.providers.userdictionary/.UserDictionaryProvider: pid=27805 uid=10003 gids={50003, 3003, 1028, 1015}
I/ActivityManager(  768): Killing 27417:com.google.android.gallery3d/u0a39 (adj 15): empty #17
W/SocketClient(  181): write error (Broken pipe)
W/SocketClient(  181): write error (Broken pipe)
W/SocketClient(  181): write error (Broken pipe)
W/SocketClient(  181): write error (Broken pipe)
W/SocketClient(  181): write error (Broken pipe)
W/SocketClient(  181): write error (Broken pipe)
W/SocketClient(  181): write error (Broken pipe)
W/SocketClient(  181): write error (Broken pipe)
W/SocketClient(  181): write error (Broken pipe)
W/SocketClient(  181): write error (Broken pipe)
E/ActivityThread(21272): Failed to find provider info for com.huawei.android.launcher.settings
I/ActivityManager(  768): Waited long enough for: ServiceRecord{44117ca0 u0 com.UCMobile/com.uc.browser.business.openwifi.AuthOpenWifiService}
I/ActivityManager(  768): Waited long enough for: ServiceRecord{43d5fb50 u0 com.jb.gokeyboard/.wecloud.controller.WeCloudPushService}
W/ActivityManager(  768): Permission Denial: service asks to run as user -2 but is calling from user 0; this requires android.permission.INTERACT_ACROSS_USERS_FULL
I/ActivityManager(  768): START u0 {act=android.settings.WIFI_SETTINGS flg=0x14000000 cmp=com.android.settings/.Settings$WifiSettingsActivity} from pid 859
I/ActivityManager(  768): Start proc com.android.settings for activity com.android.settings/.Settings$WifiSettingsActivity: pid=28166 uid=1000 gids={41000, 1028, 1015, 3002, 3001, 3003}
I/ActivityManager(  768): Start proc com.tencent.mobileqq for content provider com.tencent.mobileqq/com.tencent.mqq.shared_file_accessor.ContentProviderImpl: pid=28202 uid=10089 gids={50089, 3003, 3002, 3001, 1028, 1015}
I/ActivityManager(  768): Killing 27588:com.google.android.googlequicksearchbox:search/u0a19 (adj 15): empty #17
W/BackupManagerService(  768): dataChanged but no participant pkg='com.android.providers.settings' uid=10264
W/BackupManagerService(  768): dataChanged but no participant pkg='com.android.providers.settings' uid=10264
W/ActivityManager(  768): Timeout executing service: ServiceRecord{434e97a0 u0 fm.qingting.qtradio/com.ixintui.push.PushService}
W/ActivityManager(  768): Missing app error report, app = fm.qingting.qtradio:ixintui_service_v1 crashing = false notResponding = true
W/ActivityManager(  768): Missing app error report, app = fm.qingting.qtradio:ixintui_service_v1 crashing = false notResponding = true
W/ActivityManager(  768): Missing app error report, app = fm.qingting.qtradio:ixintui_service_v1 crashing = false notResponding = true
W/ActivityManager(  768): Missing app error report, app = fm.qingting.qtradio:ixintui_service_v1 crashing = false notResponding = true
W/ActivityManager(  768): Missing app error report, app = fm.qingting.qtradio:ixintui_service_v1 crashing = false notResponding = true
W/ActivityManager(  768): Missing app error report, app = fm.qingting.qtradio:ixintui_service_v1 crashing = false notResponding = true
E/ActivityManager(  768): ANR in fm.qingting.qtradio:ixintui_service_v1
E/ActivityManager(  768): PID: 9881
E/ActivityManager(  768): Reason: Executing service fm.qingting.qtradio/com.ixintui.push.PushService
E/ActivityManager(  768): Load: 8.32 / 7.65 / 7.75
E/ActivityManager(  768): CPU usage from 4269ms to -3614ms ago:
E/ActivityManager(  768):   63% 768/system_server: 52% user + 11% kernel / faults: 1895 minor 5 major
E/ActivityManager(  768):   12% 28166/com.android.settings: 10% user + 1.7% kernel / faults: 4994 minor
E/ActivityManager(  768):   10% 1126/com.google.process.gapps: 6.4% user + 4.1% kernel / faults: 261 minor
E/ActivityManager(  768):   3.5% 184/surfaceflinger: 1.3% user + 2.1% kernel / faults: 6 major
E/ActivityManager(  768):   0% 182/debuggerd: 0% user + 0% kernel / faults: 1890 minor 30 major
E/ActivityManager(  768):   1.7% 10496/com.wandoujia.player.walkman: 1.5% user + 0.2% kernel / faults: 324 minor 13 major
E/ActivityManager(  768):   0.3% 1019/com.android.phone: 0.3% user + 0% kernel / faults: 144 minor 2 major
E/ActivityManager(  768):   1.5% 859/com.android.systemui: 1.5% user + 0% kernel / faults: 173 minor
E/ActivityManager(  768):   1.5% 984/com.cootek.smartinputv5: 0.6% user + 0.8% kernel / faults: 18 minor
E/ActivityManager(  768):   1.5% 20836/com.jiongji.andriod.card:xg_service_v2: 1.2% user + 0.2% kernel / faults: 327 minor
E/ActivityManager(  768):   1.3% 21199/com.tencent.mm:push: 1% user + 0.3% kernel / faults: 317 minor
E/ActivityManager(  768):   0.8% 1291/mpdecision: 0% user + 0.8% kernel
E/ActivityManager(  768):   0.7% 122/dhd_dpc: 0% user + 0.7% kernel
E/ActivityManager(  768):   0.6% 21272/com.tencent.mm: 0.5% user + 0.1% kernel / faults: 158 minor
E/ActivityManager(  768):   0.5% 95/irq/362-s3350: 0% user + 0.5% kernel
E/ActivityManager(  768):   0.5% 118/mmcqd/1: 0% user + 0.5% kernel
E/ActivityManager(  768):   0.5% 194/sensors.qcom: 0.1% user + 0.3% kernel / faults: 1 minor
E/ActivityManager(  768):   0.1% 998/com.google.android.gms.persistent: 0% user + 0% kernel / faults: 44 minor
E/ActivityManager(  768):   0.2% 9411/com.eg.android.AlipayGphone:push: 0.2% user + 0% kernel / faults: 92 minor
E/ActivityManager(  768):   0.2% 9881/fm.qingting.qtradio:ixintui_service_v1: 0.2% user + 0% kernel / faults: 194 minor 2 major
E/ActivityManager(  768):   0.3% 287/mdss_fb0: 0% user + 0.3% kernel
E/ActivityManager(  768):   0% 4213/com.autonavi.minimap:locationservice: 0% user + 0% kernel / faults: 86 minor
E/ActivityManager(  768):   0.3% 21213/kworker/u:5: 0% user + 0.3% kernel
E/ActivityManager(  768):   0.3% 27951/kworker/u:1: 0% user + 0.3% kernel
E/ActivityManager(  768):   0.2% 3/ksoftirqd/0: 0% user + 0.2% kernel
E/ActivityManager(  768):   0.2% 17/kworker/0:1H: 0% user + 0.2% kernel
E/ActivityManager(  768):   0.2% 181/netd: 0% user + 0.2% kernel / faults: 29 minor
E/ActivityManager(  768):   0% 1030/com.redbend.vdmc: 0% user + 0% kernel / faults: 169 minor
E/ActivityManager(  768):   0% 1039/com.android.nfc: 0% user + 0% kernel / faults: 189 minor
E/ActivityManager(  768):   0% 10703/com.cootek.smartdialer:pushservice: 0% user + 0% kernel / faults: 122 minor
E/ActivityManager(  768):   0.2% 20431/kworker/0:2: 0% user + 0.2% kernel
E/ActivityManager(  768):   0.2% 26663/ksoftirqd/1: 0% user + 0.2% kernel
E/ActivityManager(  768):   0% 27141/com.autonavi.minimap: 0% user + 0% kernel / faults: 136 minor
E/ActivityManager(  768):   0% 7/kworker/u:0H: 0% user + 0% kernel
E/ActivityManager(  768):   0.1% 103/dbs_sync/1: 0% user + 0.1% kernel
E/ActivityManager(  768):   0% 104/dbs_sync/2: 0% user + 0% kernel
E/ActivityManager(  768):   0.1% 121/dhd_watchdog_th: 0.1% user + 0% kernel
E/ActivityManager(  768):   0% 137/jbd2/mmcblk0p28: 0% user + 0% kernel
E/ActivityManager(  768):   0.1% 185/zygote: 0.1% user + 0% kernel / faults: 50 minor
E/ActivityManager(  768):   0% 197/thermal-engine-hh: 0% user + 0% kernel
E/ActivityManager(  768):   0.1% 199/sdcard: 0.1% user + 0% kernel
E/ActivityManager(  768):   0.1% 1210/com.tencent.mobileqq:MSF: 0.1% user + 0% kernel / faults: 83 minor
E/ActivityManager(  768):   0.1% 1803/com.zdworks.android.zdclock:zdclock: 0.1% user + 0% kernel
E/ActivityManager(  768):   0% 3562/com.tmall.wireless: 0% user + 0% kernel / faults: 1 minor
E/ActivityManager(  768):   0% 3918/com.baidu.netdisk:bdservice_v1: 0% user + 0% kernel / faults: 4 minor
E/ActivityManager(  768):   0.1% 12540/kworker/u:4: 0% user + 0.1% kernel
E/ActivityManager(  768):   0% 13004/com.eg.android.AlipayGphone: 0% user + 0% kernel / faults: 48 minor
E/ActivityManager(  768):   0% 19285/kworker/0:3H: 0% user + 0% kernel
E/ActivityManager(  768):   0.1% 20634/com.jiongji.andriod.card:daemon: 0.1% user + 0% kernel
E/ActivityManager(  768):   0.1% 26662/kworker/1:0H: 0% user + 0.1% kernel
E/ActivityManager(  768):   0.1% 26668/kworker/1:1H: 0% user + 0.1% kernel
E/ActivityManager(  768):   0% 27212/com.cootek.smartdialer: 0% user + 0% kernel / faults: 4 minor
E/ActivityManager(  768):   0% 27234/com.tencent.mm:tools: 0% user + 0% kernel / faults: 28 minor
E/ActivityManager(  768):  +0% 28202/com.tencent.mobileqq: 0% user + 0% kernel
E/ActivityManager(  768):  +0% 28241/app_process: 0% user + 0% kernel
E/ActivityManager(  768):  +0% 28273/top: 0% user + 0% kernel
E/ActivityManager(  768): 48% TOTAL: 35% user + 11% kernel + 1.2% iowait + 0.1% softirq
E/ActivityManager(  768): CPU usage from 2729ms to 3253ms later:
E/ActivityManager(  768):   9.4% 28166/com.android.settings: 7.5% user + 1.8% kernel / faults: 7 minor
E/ActivityManager(  768):     9.4% 28166/ndroid.settings: 7.5% user + 1.8% kernel
E/ActivityManager(  768):     1.8% 28185/GL updater: 0% user + 1.8% kernel
E/ActivityManager(  768):   5.7% 184/surfaceflinger: 0% user + 5.7% kernel
E/ActivityManager(  768):     3.8% 184
I/ActivityManager(  768): Killing 9881:fm.qingting.qtradio:ixintui_service_v1/u0a281 (adj 0): background ANR
