W/ActivityManager(  768): Scheduling restart of crashed service fm.qingting.qtradio/com.ixintui.push.PushService in 85128ms
I/ActivityManager(  768): Killing 27438:com.google.android.apps.maps/u0a57 (adj 15): empty #17
I/ActivityManager(  768): Killing 26918:com.android.chrome/u0a31 (adj 15): empty #17
I/ActivityManager(  768): START u0 {flg=0x14000000 cmp=com.android.settings/.Settings$DataUsageSummaryActivity} from pid 859
D/ConnectivityService(  768): setMobileDataEnabled(true)
D/MobileDataStateTracker(  768): default: setUserDataEnable: E enabled=true
W/BackupManagerService(  768): dataChanged but no participant pkg='com.android.providers.settings' uid=1001
D/MobileDataStateTracker(  768): default: Broadcast received: android.intent.action.ANY_DATA_STATE apnType=default
D/MobileDataStateTracker(  768): default: Received state=CONNECTING, old=DISCONNECTED, reason=dataEnabled
D/MobileDataStateTracker(  768): default: setDetailed state, old =IDLE and new state=CONNECTING
D/MobileDataStateTracker(  768): fota: Broadcast received: android.intent.action.ANY_DATA_STATE apnType=fota
D/MobileDataStateTracker(  768): fota: Received state=DISCONNECTED, old=DISCONNECTED, reason=dataEnabled
D/MobileDataStateTracker(  768): dun: Broadcast received: android.intent.action.ANY_DATA_STATE apnType=dun
D/MobileDataStateTracker(  768): dun: Received state=DISCONNECTED, old=DISCONNECTED, reason=dataEnabled
D/MobileDataStateTracker(  768): ia: Broadcast received: android.intent.action.ANY_DATA_STATE apnType=ia
D/MobileDataStateTracker(  768): ia: Received state=DISCONNECTED, old=DISCONNECTED, reason=dataEnabled
D/MobileDataStateTracker(  768): supl: Broadcast received: android.intent.action.ANY_DATA_STATE apnType=supl
D/MobileDataStateTracker(  768): supl: Received state=DISCONNECTED, old=DISCONNECTED, reason=dataEnabled
D/MobileDataStateTracker(  768): hipri: Broadcast received: android.intent.action.ANY_DATA_STATE apnType=hipri
D/MobileDataStateTracker(  768): hipri: Received state=DISCONNECTED, old=DISCONNECTED, reason=dataEnabled
D/MobileDataStateTracker(  768): ims: Broadcast received: android.intent.action.ANY_DATA_STATE apnType=ims
D/MobileDataStateTracker(  768): ims: Received state=DISCONNECTED, old=DISCONNECTED, reason=dataEnabled
D/MobileDataStateTracker(  768): mms: Broadcast received: android.intent.action.ANY_DATA_STATE apnType=mms
D/MobileDataStateTracker(  768): mms: Received state=DISCONNECTED, old=DISCONNECTED, reason=dataEnabled
D/MobileDataStateTracker(  768): cbs: Broadcast received: android.intent.action.ANY_DATA_STATE apnType=cbs
D/MobileDataStateTracker(  768): cbs: Received state=DISCONNECTED, old=DISCONNECTED, reason=dataEnabled
D/MobileDataStateTracker(  768): default: setPolicyDataEnable(enabled=true)
I/ActivityManager(  768): START u0 {act=android.settings.WIFI_SETTINGS flg=0x14000000 cmp=com.android.settings/.Settings$WifiSettingsActivity} from pid 859
D/WifiService(  768): setWifiEnabled: false pid=28166, uid=1000
D/ConnectivityService(  768): ConnectivityChange for WIFI: DISCONNECTED/DISCONNECTED
D/ConnectivityService(  768): tryFailover: set mActiveDefaultNetwork=-1, prevNetType=1
D/ConnectivityService(  768): Attempting to switch to mobile
D/ConnectivityService(  768): Attempting to switch to BLUETOOTH_TETHER
D/ConnectivityService(  768): resetConnections(wlan0, 3)
W/ContextImpl(28166): Calling a method in the system process without a qualified user: android.app.ContextImpl.bindService:1551 android.content.ContextWrapper.bindService:517 android.bluetooth.BluetoothInputDevice.doBind:245 android.bluetooth.BluetoothInputDevice.<init>:238 android.bluetooth.BluetoothAdapter.getProfileProxy:1367 
W/ContextImpl(28166): Calling a method in the system process without a qualified user: android.app.ContextImpl.bindService:1551 android.content.ContextWrapper.bindService:517 android.bluetooth.BluetoothPan.doBind:149 android.bluetooth.BluetoothPan.<init>:141 android.bluetooth.BluetoothAdapter.getProfileProxy:1370 
W/ContextImpl(28166): Calling a method in the system process without a qualified user: android.app.ContextImpl.bindService:1551 android.content.ContextWrapper.bindService:517 android.bluetooth.BluetoothMap.doBind:109 android.bluetooth.BluetoothMap.<init>:102 android.bluetooth.BluetoothAdapter.getProfileProxy:1376 
W/ContextImpl(28166): Calling a method in the system process without a qualified user: android.app.ContextImpl.bindService:1551 android.content.ContextWrapper.bindService:517 android.bluetooth.BluetoothPbap.doBind:164 android.bluetooth.BluetoothPbap.<init>:157 com.android.settings.bluetooth.PbapServerProfile.<init>:68 
D/Nat464Xlat(  768): requiresClat: netType=1, hasIPv4Address=false
D/MobileDataStateTracker(  768): default: setPolicyDataEnable(enabled=true)
D/MobileDataStateTracker(  768): default: setPolicyDataEnable(enabled=true)
I/ActivityManager(  768): Start proc com.google.android.keep for broadcast com.google.android.keep/.notification.AlertReceiver: pid=28455 uid=10052 gids={50052, 3003, 1028, 1015}
D/MobileDataStateTracker(  768): default: setPolicyDataEnable(enabled=true)
D/MobileDataStateTracker(  768): default: Broadcast received: android.intent.action.ANY_DATA_STATE apnType=default
D/MobileDataStateTracker(  768): default: Received state=CONNECTED, old=CONNECTING, reason=connected
D/MobileDataStateTracker(  768): default: setDetailed state, old =CONNECTING and new state=CONNECTED
D/ConnectivityService(  768): ConnectivityChange for mobile: CONNECTED/CONNECTED
D/ConnectivityService(  768): ConnectivityChange checkMobileProvisioning for TYPE_MOBILE or ProvisioningNetwork
D/ConnectivityService(  768): checkMobileProvisioning: E suggestedTimeOutMs=60000
D/ConnectivityService(  768): setProvNotificationVisible: E visible=false networkType=5 extraInfo=null url=null
D/ConnectivityService(  768): checkMobileProvisioning: params={ url=http://clients3.google.com/generate_204 mTimeOutMs=60000 mCb=com.android.server.ConnectivityService$5@4377d780}
D/ConnectivityService(  768): checkMobileProvisioning: X
D/MobileDataStateTracker(  768): default: isProvisioningNetwork: retVal=false
D/ConnectivityService(  768): [CheckMp] isMobileOk: isDefaultProvisioning=false
D/MobileDataStateTracker(  768): hipri: isProvisioningNetwork: retVal=false
D/ConnectivityService(  768): [CheckMp] isMobileOk: isHipriProvisioning=false
D/ConnectivityService(  768): [CheckMp] isMobileOk: start hipri url=http://clients3.google.com/generate_204
D/Nat464Xlat(  768): requiresClat: netType=0, hasIPv4Address=true
D/MobileDataStateTracker(  768): default: setPolicyDataEnable(enabled=true)
D/MobileDataStateTracker(  768): default: setPolicyDataEnable(enabled=true)
D/ConnectivityService(  768): startUsingNetworkFeature reconnecting to 0: enableHIPRI
D/ConnectivityService(  768): startUsingNetworkFeature X: return APN_REQUEST_STARTED
D/ConnectivityService(  768): [CheckMp] isMobileOk: hipri started
D/ConnectivityService(  768): [CheckMp] isMobileOk: not connected ni=NetworkInfo: type: mobile_hipri[EDGE], state: DISCONNECTED/IDLE, reason: (unspecified), extra: (none), roaming: false, failover: false, isAvailable: true, isConnectedToProvisioningNetwork: false
D/MobileDataStateTracker(  768): hipri: Broadcast received: android.intent.action.ANY_DATA_STATE apnType=hipri
D/MobileDataStateTracker(  768): hipri: Received state=CONNECTING, old=DISCONNECTED, reason=dataEnabled
D/MobileDataStateTracker(  768): hipri: setDetailed state, old =IDLE and new state=CONNECTING
D/MobileDataStateTracker(  768): fota: Broadcast received: android.intent.action.ANY_DATA_STATE apnType=fota
D/MobileDataStateTracker(  768): fota: Received state=DISCONNECTED, old=DISCONNECTED, reason=dataEnabled
D/MobileDataStateTracker(  768): dun: Broadcast received: android.intent.action.ANY_DATA_STATE apnType=dun
D/MobileDataStateTracker(  768): dun: Received state=DISCONNECTED, old=DISCONNECTED, reason=dataEnabled
D/MobileDataStateTracker(  768): ia: Broadcast received: android.intent.action.ANY_DATA_STATE apnType=ia
D/MobileDataStateTracker(  768): ia: Received state=DISCONNECTED, old=DISCONNECTED, reason=dataEnabled
D/MobileDataStateTracker(  768): supl: Broadcast received: android.intent.action.ANY_DATA_STATE apnType=supl
D/MobileDataStateTracker(  768): supl: Received state=DISCONNECTED, old=DISCONNECTED, reason=dataEnabled
D/MobileDataStateTracker(  768): ims: Broadcast received: android.intent.action.ANY_DATA_STATE apnType=ims
D/MobileDataStateTracker(  768): ims: Received state=DISCONNECTED, old=DISCONNECTED, reason=dataEnabled
D/MobileDataStateTracker(  768): mms: Broadcast received: android.intent.action.ANY_DATA_STATE apnType=mms
D/MobileDataStateTracker(  768): mms: Received state=DISCONNECTED, old=DISCONNECTED, reason=dataEnabled
D/MobileDataStateTracker(  768): cbs: Broadcast received: android.intent.action.ANY_DATA_STATE apnType=cbs
D/MobileDataStateTracker(  768): cbs: Received state=DISCONNECTED, old=DISCONNECTED, reason=dataEnabled
D/MobileDataStateTracker(  768): hipri: Broadcast received: android.intent.action.ANY_DATA_STATE apnType=hipri
D/MobileDataStateTracker(  768): hipri: Received state=CONNECTED, old=CONNECTING, reason=dataEnabled
D/MobileDataStateTracker(  768): hipri: setDetailed state, old =CONNECTING and new state=CONNECTED
D/ConnectivityService(  768): ConnectivityChange for mobile_hipri: CONNECTED/CONNECTED
D/Nat464Xlat(  768): requiresClat: netType=5, hasIPv4Address=true
D/MobileDataStateTracker(  768): default: setPolicyDataEnable(enabled=true)
W/NetworkPolicy(  768): shared quota unsupported; generating rule for each iface
W/ProcessCpuTracker(  768): Skipping unknown process pid 28578
D/MobileDataStateTracker(  768): default: setPolicyDataEnable(enabled=true)
D/ConnectivityService(  768): NetTransition Wakelock for ConnectedState released by timeout
D/MobileDataStateTracker(  768): hipri: isProvisioningNetwork: retVal=false
D/ConnectivityService(  768): [CheckMp] isMobileOk: isProvisioningNetwork is false, continue
D/ConnectivityService(  768): [CheckMp] isMobileOk: addresses=clients3.google.com/74.125.204.139,clients3.google.com/74.125.204.100,clients3.google.com/74.125.204.101,clients3.google.com/74.125.204.102,clients3.google.com/74.125.204.138,clients3.google.com/74.125.204.113
D/ConnectivityService(  768): [CheckMp] isMobileOk: linkHasIpv4=true linkHasIpv6=false
D/ConnectivityService(  768): requestRouteToHostAddress ok=true
D/ConnectivityService(  768): [CheckMp] isMobileOk: wait to establish route to hostAddr=clients3.google.com/74.125.204.138
W/SocketClient(  181): write error (Broken pipe)
I/ActivityManager(  768): Killing 24218:com.google.android.apps.plus/u0a63 (adj 15): empty #17
I/ActivityManager(  768): Start proc com.tmall.wireless:notify for broadcast com.tmall.wireless/com.taobao.appcenter.util.app.PhoneStatusReceiver: pid=28631 uid=10088 gids={50088, 3003, 1028, 1015, 3002, 3001}
I/ActivityManager(  768): Killing 26939:com.UCMobile:RemoteBackgroundProcess/u0a75 (adj 15): empty #17
W/SocketClient(  181): write error (Broken pipe)
I/ActivityManager(  768): Start proc com.google.android.gallery3d for broadcast com.google.android.gallery3d/com.google.android.picasasync.ConnectivityReceiver: pid=28707 uid=10039 gids={50039, 3003, 1028, 1015}
W/ActivityManager(  768): Unable to start service Intent { act=anetwork.channel.aidl.ISwitchHandlerSetter pkg=com.tmall.wireless } U=0: not found
I/ActivityManager(  768): Killing 26958:com.UCMobile/u0a75 (adj 15): empty #17
V/NotificationService(  768): notifications are disabled by AppOps for com.google.android.gms
E/NotificationService(  768): Suppressing notification from package com.google.android.gms by user request.
I/ActivityManager(  768): Start proc com.google.android.apps.maps for broadcast com.google.android.apps.maps/com.google.userfeedback.android.api.FeedbackConnectivityReceiver: pid=28740 uid=10057 gids={50057, 3003, 1028, 1015, 3002, 3001}
W/SocketClient(  181): write error (Broken pipe)
I/ActivityManager(  768): Start proc com.android.chrome for broadcast com.android.chrome/com.google.android.apps.chrome.precache.PrecacheServiceLauncher: pid=28762 uid=10031 gids={50031, 3003, 1028, 1015}
I/ActivityManager(  768): Killing 27461:com.dianping.v1/u0a77 (adj 15): empty #17
W/ActivityThread(28740): ClassLoader.loadClass: The class loader returned by Thread.getContextClassLoader() may fail for processes that host multiple applications. You should explicitly specify a context class loader. For example: Thread.setContextClassLoader(getClass().getClassLoader());
I/ActivityManager(  768): Start proc com.google.android.apps.plus for broadcast com.google.android.apps.plus/.service.ConnectivityReceiver: pid=28778 uid=10063 gids={50063, 3003, 3002, 1028, 1015}
I/ActivityManager(  768): Killing 27616:com.google.android.partnersetup/u0a11 (adj 15): empty #17
I/ActivityManager(  768): Start proc com.UCMobile:RemoteBackgroundProcess for broadcast com.UCMobile/com.uc.browser.msgpush.BackgroundProcessBroadcastReveiver: pid=28803 uid=10075 gids={50075, 3003, 1028, 1015}
I/ActivityManager(  768): Killing 27052:fm.qingting.qtradio:pushservice/u0a281 (adj 15): empty #17
I/ActivityManager(  768): Start proc com.UCMobile for broadcast com.UCMobile/com.ucweb.message.UcwebRegistrationReceiver: pid=28820 uid=10075 gids={50075, 3003, 1028, 1015}
I/ActivityManager(  768): Killing 27553:com.zdworks.android.zdclock:remote/u0a96 (adj 15): empty #17
E/ActivityThread(28803): Service com.uc.browser.msgpush.RemoteBackgroundProcess has leaked IntentReceiver com.uc.base.net.a.aa@4262a850 that was originally registered here. Are you missing a call to unregisterReceiver()?
E/ActivityThread(28803): android.app.IntentReceiverLeaked: Service com.uc.browser.msgpush.RemoteBackgroundProcess has leaked IntentReceiver com.uc.base.net.a.aa@4262a850 that was originally registered here. Are you missing a call to unregisterReceiver()?
E/ActivityThread(28803): 	at android.app.LoadedApk$ReceiverDispatcher.<init>(LoadedApk.java:796)
E/ActivityThread(28803): 	at android.app.LoadedApk.getReceiverDispatcher(LoadedApk.java:597)
E/ActivityThread(28803): 	at android.app.ContextImpl.registerReceiverInternal(ContextImpl.java:1438)
E/ActivityThread(28803): 	at android.app.ContextImpl.registerReceiver(ContextImpl.java:1418)
E/ActivityThread(28803): 	at android.app.ContextImpl.registerReceiver(ContextImpl.java:1412)
E/ActivityThread(28803): 	at android.content.ContextWrapper.registerReceiver(ContextWrapper.java:467)
E/ActivityThread(28803): 	at com.uc.base.net.a.z.a(ProGuard:65)
E/ActivityThread(28803): 	at com.uc.browser.msgpush.RemoteBackgroundProcess.onCreate(ProGuard:182)
E/ActivityThread(28803): 	at android.app.ActivityThread.handleCreateService(ActivityThread.java:2558)
E/ActivityThread(28803): 	at android.app.ActivityThread.access$1800(ActivityThread.java:135)
E/ActivityThread(28803): 	at android.app.ActivityThread$H.handleMessage(ActivityThread.java:1278)
E/ActivityThread(28803): 	at android.os.Handler.dispatchMessage(Handler.java:102)
E/ActivityThread(28803): 	at android.os.Looper.loop(Looper.java:136)
E/ActivityThread(28803): 	at android.app.ActivityThread.main(ActivityThread.java:5001)
E/ActivityThread(28803): 	at java.lang.reflect.Method.invokeNative(Native Method)
E/ActivityThread(28803): 	at java.lang.reflect.Method.invoke(Method.java:515)
E/ActivityThread(28803): 	at com.android.internal.os.ZygoteInit$MethodAndArgsCaller.run(ZygoteInit.java:785)
E/ActivityThread(28803): 	at com.android.internal.os.ZygoteInit.main(ZygoteInit.java:601)
E/ActivityThread(28803): 	at dalvik.system.NativeStart.main(Native Method)
W/ActivityManager(  768): Unable to start service Intent { act=android.net.conn.CONNECTIVITY_CHANGE flg=0x4000010 cmp=com.UCMobile/.push.UcwebIntentService (has extras) } U=0: not found
I/ActivityManager(  768): Start proc com.dianping.v1 for broadcast com.dianping.v1/com.dianping.base.push.pushservice.PhoneStatusReceiver: pid=28840 uid=10077 gids={50077, 3003, 1028, 1015}
I/ActivityManager(  768): Killing 27109:com.emoji.coolkeyboard/u0a76 (adj 15): empty #17
W/SocketClient(  181): write error (Broken pipe)
D/ConnectivityService(  768): handleInetConditionHoldEnd: net=0, condition=0, published condition=0
I/ActivityManager(  768): Start proc com.mfw.roadbook:bdservice_v1 for broadcast com.mfw.roadbook/com.baidu.android.moplus.MoPlusReceiver: pid=28867 uid=10121 gids={50121, 1028, 1015, 3003}
I/ActivityManager(  768): Killing 27141:com.autonavi.minimap/u0a82 (adj 15): empty #17
D/ConnectivityService(  768): [CheckMp] isMobileOk: newUrl=https://74.125.204.138/generate_204
I/ActivityManager(  768): Process com.mfw.roadbook:bdservice_v1 (pid 28867) has died.
I/ActivityManager(  768): Start proc fm.qingting.qtradio:ixintui_service_v1 for service fm.qingting.qtradio/com.ixintui.push.PushService: pid=28910 uid=10281 gids={50281, 3003, 1028, 1015, 3001, 3002}
I/ActivityManager(  768): Start proc fm.qingting.qtradio:pushservice for service fm.qingting.qtradio/.pushmessage.UmengPushIntentService: pid=28923 uid=10281 gids={50281, 3003, 1028, 1015, 3001, 3002}
I/ActivityManager(  768): Start proc com.zdworks.android.zdclock:remote for broadcast com.zdworks.android.zdclock/.receiver.NetworkStateChangedReceiver: pid=28942 uid=10096 gids={50096, 3003, 1028, 1015}
I/ActivityManager(  768): Killing 27769:com.google.android.deskclock/u0a33 (adj 15): empty #17
I/ActivityManager(  768): Killing 28202:com.tencent.mobileqq/u0a89 (adj 15): empty #17
W/ActivityThread(28942): ClassLoader.loadClass: The class loader returned by Thread.getContextClassLoader() may fail for processes that host multiple applications. You should explicitly specify a context class loader. For example: Thread.setContextClassLoader(getClass().getClassLoader());
I/ActivityManager(  768): Start proc com.emoji.coolkeyboard for broadcast com.emoji.coolkeyboard/com.umeng.message.RegistrationReceiver: pid=28981 uid=10076 gids={50076, 1028, 1015, 3003}
I/ActivityManager(  768): Start proc com.autonavi.minimap for broadcast com.autonavi.minimap/com.umeng.message.RegistrationReceiver: pid=29013 uid=10082 gids={50082, 3003, 1028, 1015}
I/ActivityManager(  768): Killing 27212:com.cootek.smartdialer/u0a101 (adj 15): empty #17
I/WindowState(  768): WIN DEATH: Window{432b0388 u0 com.cootek.smartdialer}
I/ActivityManager(  768): Start proc com.cootek.smartdialer for service com.cootek.smartdialer/.TService: pid=29048 uid=10101 gids={50101, 3003, 1028, 1015, 3002}
I/ActivityManager(  768): Killing 28455:com.google.android.keep/u0a52 (adj 15): empty #17
D/ConnectivityService(  768): captivePortalCheckCompleted: ni=NetworkInfo: type: WIFI[], state: CONNECTED/CONNECTED, reason: (unspecified), extra: "COOTEK_WL", roaming: false, failover: false, isAvailable: true, isConnectedToProvisioningNetwork: false captive=false
D/ConnectivityService(  768): setProvNotificationVisible: E visible=false networkType=1 extraInfo=null url=null
W/SocketClient(  181): write error (Broken pipe)
W/SocketClient(  181): write error (Broken pipe)
W/SocketClient(  181): write error (Broken pipe)
I/ActivityManager(  768): Killing 28166:com.android.settings/1000 (adj 15): empty #17
V/NotificationService(  768): notifications are disabled by AppOps for com.google.android.gms
E/NotificationService(  768): Suppressing notification from package com.google.android.gms by user request.
W/ActivityManager(  768): Unable to start service Intent { act=android.net.conn.CONNECTIVITY_CHANGE flg=0x4000010 cmp=com.UCMobile/.push.UcwebIntentService (has extras) } U=0: not found
I/ActivityManager(  768): Start proc com.mfw.roadbook:bdservice_v1 for broadcast com.mfw.roadbook/com.baidu.android.moplus.MoPlusReceiver: pid=29109 uid=10121 gids={50121, 1028, 1015, 3003}
I/ActivityManager(  768): Process com.mfw.roadbook:bdservice_v1 (pid 29109) has died.
W/SocketClient(  181): write error (Broken pipe)
V/NotificationService(  768): notifications are disabled by AppOps for com.google.android.gms
E/NotificationService(  768): Suppressing notification from package com.google.android.gms by user request.
W/ActivityManager(  768): Unable to start service Intent { act=android.net.conn.CONNECTIVITY_CHANGE flg=0x4000010 cmp=com.UCMobile/.push.UcwebIntentService (has extras) } U=0: not found
I/ActivityManager(  768): Start proc com.mfw.roadbook:bdservice_v1 for broadcast com.mfw.roadbook/com.baidu.android.moplus.MoPlusReceiver: pid=29167 uid=10121 gids={50121, 1028, 1015, 3003}
I/ActivityManager(  768): Killing 27234:com.tencent.mm:tools/u0a78 (adj 15): empty #17
I/ActivityManager(  768): Process com.mfw.roadbook:bdservice_v1 (pid 29167) has died.
I/ActivityManager(  768): Start proc com.mfw.roadbook:bdservice_v1 for broadcast com.mfw.roadbook/com.baidu.android.moplus.MoPlusReceiver: pid=29229 uid=10121 gids={50121, 1028, 1015, 3003}
I/ActivityManager(  768): Process com.mfw.roadbook:bdservice_v1 (pid 29229) has died.
I/ActivityManager(  768): Start proc com.mfw.roadbook:bdservice_v1 for broadcast com.mfw.roadbook/com.baidu.android.moplus.MoPlusReceiver: pid=29270 uid=10121 gids={50121, 1028, 1015, 3003}
I/ActivityManager(  768): Process com.mfw.roadbook:bdservice_v1 (pid 29270) has died.
I/ActivityManager(  768): Start proc com.mfw.roadbook:bdservice_v1 for broadcast com.mfw.roadbook/com.baidu.android.moplus.MoPlusReceiver: pid=29303 uid=10121 gids={50121, 1028, 1015, 3003}
I/ActivityManager(  768): Process com.mfw.roadbook:bdservice_v1 (pid 29303) has died.
I/ActivityManager(  768): Start proc com.google.android.deskclock for broadcast com.google.android.deskclock/com.android.alarmclock.DigitalAppWidgetProvider: pid=29323 uid=10033 gids={50033, 1028}
I/ActivityManager(  768): Killing 26903:com.google.android.gms.wearable/u0a7 (adj 15): empty #17
W/BackupManagerService(  768): dataChanged but no participant pkg='com.android.providers.settings' uid=10264
W/BackupManagerService(  768): dataChanged but no participant pkg='com.android.providers.settings' uid=10264
D/ConnectivityService(  768): [CheckMp] isMobileOk: HttpURLConnection Exceptionjava.net.SocketTimeoutException: failed to connect to /74.125.204.138 (port 443) after 5000ms
I/ActivityManager(  768): START u0 {flg=0x14000000 cmp=com.android.settings/.Settings$DataUsageSummaryActivity} from pid 859
I/ActivityManager(  768): Start proc com.android.settings for activity com.android.settings/.Settings$DataUsageSummaryActivity: pid=29428 uid=1000 gids={41000, 1028, 1015, 3002, 3001, 3003}
W/BackupManagerService(  768): dataChanged but no participant pkg='com.android.providers.settings' uid=10264
W/BackupManagerService(  768): dataChanged but no participant pkg='com.android.providers.settings' uid=10264
W/ProcessCpuTracker(  768): Skipping unknown process pid 29446
W/ProcessCpuTracker(  768): Skipping unknown process pid 29447
W/ProcessCpuTracker(  768): Skipping unknown process pid 29449
W/ProcessCpuTracker(  768): Skipping unknown process pid 29451
W/ProcessCpuTracker(  768): Skipping unknown process pid 29452
W/ProcessCpuTracker(  768): Skipping unknown process pid 29466
D/MobileDataStateTracker(  768): default: setPolicyDataEnable(enabled=true)
D/ConnectivityService(  768): requestRouteToHostAddress ok=true
D/ConnectivityService(  768): [CheckMp] isMobileOk: wait to establish route to hostAddr=clients3.google.com/74.125.204.139
V/DeadZone(  859): consuming errant click: (265.0,94.0)
I/ActivityManager(  768): Start proc com.tencent.mm:tools for broadcast com.tencent.mm/.booter.MMReceivers$ToolsProcessReceiver: pid=29494 uid=10078 gids={50078, 3003, 1028, 1015, 3002, 3001}
I/ActivityManager(  768): Killing 27805:android.process.acore/u0a3 (adj 15): empty #17
I/ActivityManager(  768): Waited long enough for: ServiceRecord{434e97a0 u0 fm.qingting.qtradio/com.ixintui.push.PushService}
D/ConnectivityService(  768): [CheckMp] isMobileOk: newUrl=https://74.125.204.139/generate_204
E/ActivityThread(29494): Failed to find provider info for com.tencent.mm.coolassist.debugprovider
I/ActivityManager(  768): Start proc com.google.android.gms.wearable for service com.google.android.gms/.wearable.service.WearableService: pid=29531 uid=10007 gids={50007, 3003, 1007, 1028, 1015, 3002, 3001, 3007, 2001, 3006}
I/ActivityManager(  768): Killing 28631:com.tmall.wireless:notify/u0a88 (adj 15): empty #17
D/MobileDataStateTracker(  768): default: setPolicyDataEnable(enabled=true)
I/ActivityManager(  768): START u0 {cmp=com.tencent.mm/.plugin.sns.ui.SnsTimeLineUI (has extras)} from pid 21272
I/ActivityManager(  768): Killing 28707:com.google.android.gallery3d/u0a39 (adj 15): empty #17
D/ConnectivityService(  768): [CheckMp] isMobileOk: HttpURLConnection Exceptionjava.net.SocketTimeoutException: failed to connect to /74.125.204.139 (port 443) after 5000ms
D/ConnectivityService(  768): handleInetConditionHoldEnd: net=0, condition=0, published condition=0
D/ConnectivityService(  768): requestRouteToHostAddress ok=true
D/ConnectivityService(  768): [CheckMp] isMobileOk: wait to establish route to hostAddr=clients3.google.com/74.125.204.100
D/ConnectivityService(  768): Sampling interval elapsed, updating statistics ..
D/ConnectivityService(  768): Done.
D/ConnectivityService(  768): Setting timer for 720seconds
D/ConnectivityService(  768): [CheckMp] isMobileOk: newUrl=http://74.125.204.100/generate_204
D/ConnectivityService(  768): [CheckMp] isMobileOk: HttpURLConnection Exceptionjava.net.SocketTimeoutException: failed to connect to /74.125.204.100 (port 80) after 5000ms
I/ActivityManager(  768): moveTaskToBack: 30
I/ActivityManager(  768): Start proc com.google.android.googlequicksearchbox:search for service com.google.android.googlequicksearchbox/com.google.android.search.core.service.SearchService: pid=29680 uid=10019 gids={50019, 3003, 3001, 1028, 3002, 1015}
I/ActivityManager(  768): Start proc com.google.android.partnersetup for content provider com.google.android.partnersetup/.RlzAppProvider: pid=29708 uid=10011 gids={50011, 3003}
I/ActivityManager(  768): Killing 28740:com.google.android.apps.maps/u0a57 (adj 15): empty #17
D/ConnectivityService(  768): requestRouteToHostAddress ok=true
D/ConnectivityService(  768): [CheckMp] isMobileOk: wait to establish route to hostAddr=clients3.google.com/74.125.204.138
I/ActivityManager(  768): Killing 28762:com.android.chrome/u0a31 (adj 15): empty #17
I/ActivityManager(  768): START u0 {flg=0x14000000 cmp=com.android.settings/.Settings$DataUsageSummaryActivity} from pid 859
D/ConnectivityService(  768): setMobileDataEnabled(false)
D/MobileDataStateTracker(  768): default: setUserDataEnable: E enabled=false
W/BackupManagerService(  768): dataChanged but no participant pkg='com.android.providers.settings' uid=1001
W/InputMethodManagerService(  768): Window already focused, ignoring focus gain of: com.android.internal.view.IInputMethodClient$Stub$Proxy@437cc1e0 attribute=null, token = android.os.BinderProxy@43248418
D/MobileDataStateTracker(  768): hipri: Broadcast received: android.intent.action.ANY_DATA_STATE apnType=hipri
D/MobileDataStateTracker(  768): hipri: Received state=DISCONNECTED, old=CONNECTED, reason=dataDisabled
D/MobileDataStateTracker(  768): hipri: setDetailed state, old =CONNECTED and new state=DISCONNECTED
D/ConnectivityService(  768): ConnectivityChange for mobile_hipri: DISCONNECTED/DISCONNECTED
D/Nat464Xlat(  768): requiresClat: netType=5, hasIPv4Address=true
D/MobileDataStateTracker(  768): default: setPolicyDataEnable(enabled=true)
D/ConnectivityService(  768): [CheckMp] isMobileOk: newUrl=http://74.125.204.138/generate_204
D/MobileDataStateTracker(  768): default: setPolicyDataEnable(enabled=true)
D/MobileDataStateTracker(  768): default: setPolicyDataEnable(enabled=true)
D/MobileDataStateTracker(  768): default: setPolicyDataEnable(enabled=true)
D/MobileDataStateTracker(  768): default: setPolicyDataEnable(enabled=true)
D/ConnectivityService(  768): [CheckMp] isMobileOk: HttpURLConnection Exceptionjava.net.SocketTimeoutException: failed to connect to /74.125.204.138 (port 80) after 5000ms: isConnected failed: ETIMEDOUT (Connection timed out)
D/MobileDataStateTracker(  768): default: Broadcast received: android.intent.action.ANY_DATA_STATE apnType=default
D/MobileDataStateTracker(  768): default: Received state=DISCONNECTED, old=CONNECTED, reason=dataDisabled
D/MobileDataStateTracker(  768): default: setDetailed state, old =CONNECTED and new state=DISCONNECTED
D/ConnectivityService(  768): ConnectivityChange for mobile: DISCONNECTED/DISCONNECTED
D/ConnectivityService(  768): tryFailover: set mActiveDefaultNetwork=-1, prevNetType=0
D/ConnectivityService(  768): Attempting to switch to WIFI
D/ConnectivityService(  768): Attempting to switch to BLUETOOTH_TETHER
D/ConnectivityService(  768): resetConnections(rmnet0, 3)
D/Nat464Xlat(  768): requiresClat: netType=0, hasIPv4Address=true
D/MobileDataStateTracker(  768): default: setPolicyDataEnable(enabled=true)
D/MobileDataStateTracker(  768): default: setPolicyDataEnable(enabled=true)
W/SocketClient(  181): write error (Broken pipe)
I/PowerManagerService(  768): Going to sleep by user request...
I/ActivityManager(  768): START u0 {flg=0x10100000 cmp=com.jiongji.andriod.card/com.baicizhan.client.wordlock.activity.WordLockClient (has extras)} from pid 20634
I/ActivityManager(  768): Start proc com.jiongji.andriod.card:wordlock for activity com.jiongji.andriod.card/com.baicizhan.client.wordlock.activity.WordLockClient: pid=29887 uid=10264 gids={50264, 3003, 1028, 1015}
I/ActivityManager(  768): Start proc com.tmall.wireless:notify for broadcast com.tmall.wireless/com.taobao.appcenter.util.app.PhoneStatusReceiver: pid=29933 uid=10088 gids={50088, 3003, 1028, 1015, 3002, 3001}
D/ConnectivityService(  768): [CheckMp] isMobileOk: too many loops tried - giving up
D/ConnectivityService(  768): [CheckMp] isMobileOk: X loops|timed out result=3
D/ConnectivityService(  768): [CheckMp] isMobileOk: F stop hipri
D/MobileDataStateTracker(  768): default: setEnableFailFastMobileData(enabled=0)
D/ConnectivityService(  768): handleInetConditionHoldEnd: net=0, condition=0, published condition=0
D/ConnectivityService(  768): handleInetConditionHoldEnd: no active default network - ignoring
D/ConnectivityService(  768): stopUsingNetworkFeature: teardown net 0: enableHIPRI
I/ActivityManager(  768): Killing 28778:com.google.android.apps.plus/u0a63 (adj 15): empty #17
I/ActivityManager(  768): Start proc com.google.android.gallery3d for broadcast com.google.android.gallery3d/com.google.android.picasasync.ConnectivityReceiver: pid=29999 uid=10039 gids={50039, 3003, 1028, 1015}
W/ActivityManager(  768): Unable to start service Intent { act=anetwork.channel.aidl.ISwitchHandlerSetter pkg=com.tmall.wireless } U=0: not found
I/ActivityManager(  768): Killing 28803:com.UCMobile:RemoteBackgroundProcess/u0a75 (adj 15): empty #17
V/NotificationService(  768): notifications are disabled by AppOps for com.google.android.gms
E/NotificationService(  768): Suppressing notification from package com.google.android.gms by user request.
I/ActivityManager(  768): Start proc com.google.android.apps.maps for broadcast com.google.android.apps.maps/com.google.userfeedback.android.api.FeedbackConnectivityReceiver: pid=30033 uid=10057 gids={50057, 3003, 1028, 1015, 3002, 3001}
I/ActivityManager(  768): Start proc com.android.chrome for broadcast com.android.chrome/com.google.android.apps.chrome.precache.PrecacheServiceLauncher: pid=30057 uid=10031 gids={50031, 3003, 1028, 1015}
I/ActivityManager(  768): Killing 28820:com.UCMobile/u0a75 (adj 15): empty #17
I/ActivityManager(  768): Start proc com.google.android.apps.plus for broadcast com.google.android.apps.plus/.service.ConnectivityReceiver: pid=30077 uid=10063 gids={50063, 3003, 3002, 1028, 1015}
I/ActivityManager(  768): Killing 28840:com.dianping.v1/u0a77 (adj 15): empty #17
W/FileUtils(29887): Failed to chmod(/storage/emulated/0/baicizhan/lockdb.db): libcore.io.ErrnoException: chmod failed: EPERM (Operation not permitted)
W/FileUtils(29887): Failed to chmod(/storage/emulated/0/baicizhan/lockdb.db): libcore.io.ErrnoException: chmod failed: EPERM (Operation not permitted)
W/FileUtils(29887): Failed to chmod(/storage/emulated/0/baicizhan/lockdb.db): libcore.io.ErrnoException: chmod failed: EPERM (Operation not permitted)
I/ActivityManager(  768): Start proc android.process.acore for content provider com.android.providers.contacts/.ContactsProvider2: pid=30098 uid=10003 gids={50003, 3003, 1028, 1015}
W/FileUtils(29887): Failed to chmod(/storage/emulated/0/baicizhan/lockdb.db): libcore.io.ErrnoException: chmod failed: EPERM (Operation not permitted)
I/ActivityManager(  768): Start proc com.UCMobile:RemoteBackgroundProcess for broadcast com.UCMobile/com.uc.browser.msgpush.BackgroundProcessBroadcastReveiver: pid=30111 uid=10075 gids={50075, 3003, 1028, 1015}
I/ActivityManager(  768): Killing 28942:com.zdworks.android.zdclock:remote/u0a96 (adj 15): empty #17
I/ActivityManager(  768): Killing 28923:fm.qingting.qtradio:pushservice/u0a281 (adj 15): empty #18
W/FileUtils(29887): Failed to chmod(/storage/emulated/0/baicizhan/lockdb.db): libcore.io.ErrnoException: chmod failed: EPERM (Operation not permitted)
I/ActivityManager(  768): Start proc com.UCMobile for broadcast com.UCMobile/com.ucweb.message.UcwebRegistrationReceiver: pid=30128 uid=10075 gids={50075, 3003, 1028, 1015}
I/ActivityManager(  768): Killing 28981:com.emoji.coolkeyboard/u0a76 (adj 15): empty #17
E/ActivityThread(30111): Service com.uc.browser.msgpush.RemoteBackgroundProcess has leaked IntentReceiver com.uc.base.net.a.aa@42625a90 that was originally registered here. Are you missing a call to unregisterReceiver()?
E/ActivityThread(30111): android.app.IntentReceiverLeaked: Service com.uc.browser.msgpush.RemoteBackgroundProcess has leaked IntentReceiver com.uc.base.net.a.aa@42625a90 that was originally registered here. Are you missing a call to unregisterReceiver()?
E/ActivityThread(30111): 	at android.app.LoadedApk$ReceiverDispatcher.<init>(LoadedApk.java:796)
E/ActivityThread(30111): 	at android.app.LoadedApk.getReceiverDispatcher(LoadedApk.java:597)
E/ActivityThread(30111): 	at android.app.ContextImpl.registerReceiverInternal(ContextImpl.java:1438)
E/ActivityThread(30111): 	at android.app.ContextImpl.registerReceiver(ContextImpl.java:1418)
E/ActivityThread(30111): 	at android.app.ContextImpl.registerReceiver(ContextImpl.java:1412)
E/ActivityThread(30111): 	at android.content.ContextWrapper.registerReceiver(ContextWrapper.java:467)
E/ActivityThread(30111): 	at com.uc.base.net.a.z.a(ProGuard:65)
E/ActivityThread(30111): 	at com.uc.browser.msgpush.RemoteBackgroundProcess.onCreate(ProGuard:182)
E/ActivityThread(30111): 	at android.app.ActivityThread.handleCreateService(ActivityThread.java:2558)
E/ActivityThread(30111): 	at android.app.ActivityThread.access$1800(ActivityThread.java:135)
E/ActivityThread(30111): 	at android.app.ActivityThread$H.handleMessage(ActivityThread.java:1278)
E/ActivityThread(30111): 	at android.os.Handler.dispatchMessage(Handler.java:102)
E/ActivityThread(30111): 	at android.os.Looper.loop(Looper.java:136)
E/ActivityThread(30111): 	at android.app.ActivityThread.main(ActivityThread.java:5001)
E/ActivityThread(30111): 	at java.lang.reflect.Method.invokeNative(Native Method)
E/ActivityThread(30111): 	at java.lang.reflect.Method.invoke(Method.java:515)
E/ActivityThread(30111): 	at com.android.internal.os.ZygoteInit$MethodAndArgsCaller.run(ZygoteInit.java:785)
E/ActivityThread(30111): 	at com.android.internal.os.ZygoteInit.main(ZygoteInit.java:601)
E/ActivityThread(30111): 	at dalvik.system.NativeStart.main(Native Method)
W/ActivityManager(  768): Unable to start service Intent { act=android.net.conn.CONNECTIVITY_CHANGE flg=0x4000010 cmp=com.UCMobile/.push.UcwebIntentService (has extras) } U=0: not found
I/ActivityManager(  768): Start proc com.dianping.v1 for broadcast com.dianping.v1/com.dianping.base.push.pushservice.PhoneStatusReceiver: pid=30142 uid=10077 gids={50077, 3003, 1028, 1015}
I/ActivityManager(  768): Killing 29013:com.autonavi.minimap/u0a82 (adj 15): empty #17
I/ActivityManager(  768): Start proc com.mfw.roadbook:bdservice_v1 for broadcast com.mfw.roadbook/com.baidu.android.moplus.MoPlusReceiver: pid=30165 uid=10121 gids={50121, 1028, 1015, 3003}
I/ActivityManager(  768): Killing 29323:com.google.android.deskclock/u0a33 (adj 15): empty #17
I/ActivityManager(  768): Killing 26974:com.dianping.v1:dppushservice/u0a77 (adj 15): empty #17
I/ActivityManager(  768): Process com.mfw.roadbook:bdservice_v1 (pid 30165) has died.
W/SocketClient(  181): write error (Broken pipe)
D/ConnectivityService(  768): [CheckMp] isMobileOk: X result=3
D/ConnectivityService(  768): [CheckMp] onPostExecute: result=3
D/ConnectivityService(  768): CheckMp.onComplete: result=3
D/ConnectivityService(  768): CheckMp.onComplete: ignore, connected or no connection
I/ActivityManager(  768): Start proc fm.qingting.qtradio:pushservice for service fm.qingting.qtradio/.pushmessage.UmengPushIntentService: pid=30245 uid=10281 gids={50281, 3003, 1028, 1015, 3001, 3002}
I/ActivityManager(  768): Start proc com.zdworks.android.zdclock:remote for broadcast com.zdworks.android.zdclock/.receiver.NetworkStateChangedReceiver: pid=30260 uid=10096 gids={50096, 3003, 1028, 1015}
I/ActivityManager(  768): Killing 29048:com.cootek.smartdialer/u0a101 (adj 15): empty #17
I/WindowState(  768): WIN DEATH: Window{42e7c300 u0 com.cootek.smartdialer}
I/ActivityManager(  768): Start proc com.emoji.coolkeyboard for broadcast com.emoji.coolkeyboard/com.umeng.message.RegistrationReceiver: pid=30288 uid=10076 gids={50076, 1028, 1015, 3003}
I/ActivityManager(  768): Start proc com.autonavi.minimap for broadcast com.autonavi.minimap/com.umeng.message.RegistrationReceiver: pid=30307 uid=10082 gids={50082, 3003, 1028, 1015}
I/ActivityManager(  768): Killing 29494:com.tencent.mm:tools/u0a78 (adj 15): empty #17
I/ActivityManager(  768): Start proc com.cootek.smartdialer for service com.cootek.smartdialer/.TService: pid=30334 uid=10101 gids={50101, 3003, 1028, 1015, 3002}
I/ActivityManager(  768): Killing 29531:com.google.android.gms.wearable/u0a7 (adj 15): empty #17
I/ActivityManager(  768): Killing 29708:com.google.android.partnersetup/u0a11 (adj 15): empty #17
I/ActivityManager(  768): Killing 29428:com.android.settings/1000 (adj 15): empty #17
V/NotificationService(  768): notifications are disabled by AppOps for com.google.android.gms
E/NotificationService(  768): Suppressing notification from package com.google.android.gms by user request.
W/ActivityManager(  768): Unable to start service Intent { act=android.net.conn.CONNECTIVITY_CHANGE flg=0x4000010 cmp=com.UCMobile/.push.UcwebIntentService (has extras) } U=0: not found
I/ActivityManager(  768): Start proc com.mfw.roadbook:bdservice_v1 for broadcast com.mfw.roadbook/com.baidu.android.moplus.MoPlusReceiver: pid=30390 uid=10121 gids={50121, 1028, 1015, 3003}
I/ActivityManager(  768): Process com.mfw.roadbook:bdservice_v1 (pid 30390) has died.
W/SocketClient(  181): write error (Broken pipe)
V/NotificationService(  768): notifications are disabled by AppOps for com.google.android.gms
E/NotificationService(  768): Suppressing notification from package com.google.android.gms by user request.
W/ActivityManager(  768): Unable to start service Intent { act=android.net.conn.CONNECTIVITY_CHANGE flg=0x4000010 cmp=com.UCMobile/.push.UcwebIntentService (has extras) } U=0: not found
I/ActivityManager(  768): Start proc com.mfw.roadbook:bdservice_v1 for broadcast com.mfw.roadbook/com.baidu.android.moplus.MoPlusReceiver: pid=30468 uid=10121 gids={50121, 1028, 1015, 3003}
I/ActivityManager(  768): Process com.mfw.roadbook:bdservice_v1 (pid 30468) has died.
I/ActivityManager(  768): Start proc com.mfw.roadbook:bdservice_v1 for broadcast com.mfw.roadbook/com.baidu.android.moplus.MoPlusReceiver: pid=30530 uid=10121 gids={50121, 1028, 1015, 3003}
I/ActivityManager(  768): Process com.mfw.roadbook:bdservice_v1 (pid 30530) has died.
I/ActivityManager(  768): Start proc com.mfw.roadbook:bdservice_v1 for broadcast com.mfw.roadbook/com.baidu.android.moplus.MoPlusReceiver: pid=30572 uid=10121 gids={50121, 1028, 1015, 3003}
I/ActivityManager(  768): Process com.mfw.roadbook:bdservice_v1 (pid 30572) has died.
I/ActivityManager(  768): Start proc com.mfw.roadbook:bdservice_v1 for broadcast com.mfw.roadbook/com.baidu.android.moplus.MoPlusReceiver: pid=30599 uid=10121 gids={50121, 1028, 1015, 3003}
D/ConnectivityService(  768): handleInetConditionChange: no active default network - ignore
I/ActivityManager(  768): Process com.mfw.roadbook:bdservice_v1 (pid 30599) has died.
D/MobileDataStateTracker(  768): fota: Broadcast received: android.intent.action.ANY_DATA_STATE apnType=fota
D/MobileDataStateTracker(  768): fota: Received state=DISCONNECTED, old=DISCONNECTED, reason=dataDisabled
D/MobileDataStateTracker(  768): dun: Broadcast received: android.intent.action.ANY_DATA_STATE apnType=dun
D/MobileDataStateTracker(  768): dun: Received state=DISCONNECTED, old=DISCONNECTED, reason=dataDisabled
D/MobileDataStateTracker(  768): ia: Broadcast received: android.intent.action.ANY_DATA_STATE apnType=ia
D/MobileDataStateTracker(  768): ia: Received state=DISCONNECTED, old=DISCONNECTED, reason=dataDisabled
D/MobileDataStateTracker(  768): supl: Broadcast received: android.intent.action.ANY_DATA_STATE apnType=supl
D/MobileDataStateTracker(  768): supl: Received state=DISCONNECTED, old=DISCONNECTED, reason=dataDisabled
D/MobileDataStateTracker(  768): hipri: Broadcast received: android.intent.action.ANY_DATA_STATE apnType=hipri
D/MobileDataStateTracker(  768): hipri: Received state=DISCONNECTED, old=DISCONNECTED, reason=dataDisabled
D/MobileDataStateTracker(  768): ims: Broadcast received: android.intent.action.ANY_DATA_STATE apnType=ims
D/MobileDataStateTracker(  768): ims: Received state=DISCONNECTED, old=DISCONNECTED, reason=dataDisabled
D/MobileDataStateTracker(  768): mms: Broadcast received: android.intent.action.ANY_DATA_STATE apnType=mms
D/MobileDataStateTracker(  768): mms: Received state=DISCONNECTED, old=DISCONNECTED, reason=dataDisabled
D/MobileDataStateTracker(  768): cbs: Broadcast received: android.intent.action.ANY_DATA_STATE apnType=cbs
D/MobileDataStateTracker(  768): cbs: Received state=DISCONNECTED, old=DISCONNECTED, reason=dataDisabled
I/ActivityManager(  768): Start proc com.google.android.deskclock for broadcast com.google.android.deskclock/com.android.alarmclock.DigitalAppWidgetProvider: pid=30649 uid=10033 gids={50033, 1028}
I/ActivityManager(  768): Killing 29680:com.google.android.googlequicksearchbox:search/u0a19 (adj 15): empty #17
I/ActivityManager(  768): Start proc com.tencent.mm:tools for broadcast com.tencent.mm/.booter.MMReceivers$ToolsProcessReceiver: pid=30723 uid=10078 gids={50078, 3003, 1028, 1015, 3002, 3001}
E/ActivityThread(30723): Failed to find provider info for com.tencent.mm.coolassist.debugprovider
I/ActivityManager(  768): Process com.tencent.mm:tools (pid 30723) has died.
D/ConnectivityService(  768): handleInetConditionChange: no active default network - ignore
D/ConnectivityService(  768): handleInetConditionChange: no active default network - ignore
I/ActivityManager(  768): Start proc com.google.android.googlequicksearchbox:search for broadcast com.google.android.googlequicksearchbox/com.google.android.search.core.GooglePlayServicesHelper$GmsPackageWatcher: pid=30921 uid=10019 gids={50019, 3003, 3001, 1028, 3002, 1015}
I/PackageManager(  768): Adding preferred activity ComponentInfo{com.jb.gosms/com.jb.gosms.ui.ComposeMessageActivity} for user 0 :
I/PackageManager(  768): Adding preferred activity ComponentInfo{com.jb.gosms/com.jb.gosms.ui.ComposeMessageActivity} for user 0 :
I/PackageManager(  768): Adding preferred activity ComponentInfo{com.jb.gosms/com.jb.gosms.ui.ComposeMessageActivity} for user 0 :
I/PackageManager(  768): Adding preferred activity ComponentInfo{com.jb.gosms/com.jb.gosms.ui.ComposeMessageActivity} for user 0 :
I/PackageManager(  768): Adding preferred activity ComponentInfo{com.jb.gosms/com.jb.gosms.ui.ComposeMessageActivity} for user 0 :
I/PackageManager(  768): Adding preferred activity ComponentInfo{com.jb.gosms/com.jb.gosms.ui.ComposeMessageActivity} for user 0 :
I/PackageManager(  768): Adding preferred activity ComponentInfo{com.jb.gosms/com.jb.gosms.ui.ComposeMessageActivity} for user 0 :
I/PackageManager(  768): Adding preferred activity ComponentInfo{com.jb.gosms/com.jb.gosms.ui.ComposeMessageActivity} for user 0 :
I/ActivityManager(  768): Start proc com.google.android.partnersetup for content provider com.google.android.partnersetup/.RlzAppProvider: pid=30957 uid=10011 gids={50011, 3003}
I/ActivityManager(  768): Killing 29933:com.tmall.wireless:notify/u0a88 (adj 15): empty #17
I/ActivityManager(  768): Killing 29999:com.google.android.gallery3d/u0a39 (adj 15): empty #17
I/ActivityManager(  768): Delay finish: com.google.android.apps.plus/.service.PackagesMediaMonitor
I/ActivityManager(  768): Resuming delayed broadcast
I/ActivityManager(  768): Start proc com.android.vending for broadcast com.android.vending/com.google.android.finsky.receivers.PackageMonitorReceiver$RegisteredReceiver: pid=30981 uid=10014 gids={50014, 3003, 1028, 1015}
I/ActivityManager(  768): Killing 30033:com.google.android.apps.maps/u0a57 (adj 15): empty #17
D/ConnectivityService(  768): handleInetConditionChange: no active default network - ignore
W/SocketClient(  181): write error (Broken pipe)
W/SocketClient(  181): write error (Broken pipe)
I/ActivityManager(  768): Start proc com.tencent.mobileqq for content provider com.tencent.mobileqq/com.tencent.mqq.shared_file_accessor.ContentProviderImpl: pid=31284 uid=10089 gids={50089, 3003, 3002, 3001, 1028, 1015}
I/ActivityManager(  768): Killing 30057:com.android.chrome/u0a31 (adj 15): empty #17
W/SocketClient(  181): write error (Broken pipe)
W/SocketClient(  181): write error (Broken pipe)
W/SocketClient(  181): write error (Broken pipe)
I/ActivityManager(  768): Start proc com.google.android.gms.wearable for service com.google.android.gms/.wearable.service.WearableService: pid=31361 uid=10007 gids={50007, 3003, 1007, 1028, 1015, 3002, 3001, 3007, 2001, 3006}
I/ActivityManager(  768): Killing 30111:com.UCMobile:RemoteBackgroundProcess/u0a75 (adj 15): empty #17
I/PowerManagerService(  768): Waking up from sleep...
I/ActivityManager(  768): START u0 {flg=0x10100000 cmp=com.jiongji.andriod.card/com.baicizhan.client.wordlock.activity.WordLockClient (has extras)} from pid 20634
I/WindowManager(  768): No lock screen! windowToken=android.os.BinderProxy@430aef98
D/DisplayPowerController(  768): Unblocked screen on after 12161086 ms
W/FileUtils(29887): Failed to chmod(/storage/emulated/0/baicizhan/lockdb.db): libcore.io.ErrnoException: chmod failed: EPERM (Operation not permitted)
I/ActivityManager(  768): Killing 30128:com.UCMobile/u0a75 (adj 15): empty #17
W/FileUtils(29887): Failed to chmod(/storage/emulated/0/baicizhan/lockdb.db): libcore.io.ErrnoException: chmod failed: EPERM (Operation not permitted)
W/FileUtils(29887): Failed to chmod(/storage/emulated/0/baicizhan/lockdb.db): libcore.io.ErrnoException: chmod failed: EPERM (Operation not permitted)
I/ActivityManager(  768): START u0 {act=android.intent.action.MAIN cat=[android.intent.category.LAUNCHER] flg=0x10200000 cmp=com.tencent.mm/.ui.LauncherUI bnds=[50,312][284,574] (has extras)} from pid 1060
I/ActivityManager(  768): START u0 {act=android.settings.WIFI_SETTINGS flg=0x14000000 cmp=com.android.settings/.Settings$WifiSettingsActivity} from pid 859
I/ActivityManager(  768): Start proc com.android.settings for activity com.android.settings/.Settings$WifiSettingsActivity: pid=31589 uid=1000 gids={41000, 1028, 1015, 3002, 3001, 3003}
D/WifiService(  768): setWifiEnabled: true pid=31589, uid=1000
W/ContextImpl(31589): Calling a method in the system process without a qualified user: android.app.ContextImpl.bindService:1551 android.content.ContextWrapper.bindService:517 android.bluetooth.BluetoothInputDevice.doBind:245 android.bluetooth.BluetoothInputDevice.<init>:238 android.bluetooth.BluetoothAdapter.getProfileProxy:1367 
W/ContextImpl(31589): Calling a method in the system process without a qualified user: android.app.ContextImpl.bindService:1551 android.content.ContextWrapper.bindService:517 android.bluetooth.BluetoothPan.doBind:149 android.bluetooth.BluetoothPan.<init>:141 android.bluetooth.BluetoothAdapter.getProfileProxy:1370 
W/ContextImpl(31589): Calling a method in the system process without a qualified user: android.app.ContextImpl.bindService:1551 android.content.ContextWrapper.bindService:517 android.bluetooth.BluetoothMap.doBind:109 android.bluetooth.BluetoothMap.<init>:102 android.bluetooth.BluetoothAdapter.getProfileProxy:1376 
W/ContextImpl(31589): Calling a method in the system process without a qualified user: android.app.ContextImpl.bindService:1551 android.content.ContextWrapper.bindService:517 android.bluetooth.BluetoothPbap.doBind:164 android.bluetooth.BluetoothPbap.<init>:157 com.android.settings.bluetooth.PbapServerProfile.<init>:68 
I/ActivityManager(  768): Start proc com.google.android.keep for broadcast com.google.android.keep/.notification.AlertReceiver: pid=31625 uid=10052 gids={50052, 3003, 1028, 1015}
D/MobileDataStateTracker(  768): default: setPolicyDataEnable(enabled=true)
I/ActivityManager(  768): Killing 30245:fm.qingting.qtradio:pushservice/u0a281 (adj 15): empty #17
D/ConnectivityService(  768): Captive portal check NetworkInfo: type: WIFI[], state: CONNECTING/CAPTIVE_PORTAL_CHECK, reason: (unspecified), extra: "COOTEK_WL", roaming: false, failover: false, isAvailable: true, isConnectedToProvisioningNetwork: false
