D/ConnectivityService(  768): handleCaptivePortalTrackerCheck: call captivePortalCheckComplete ni=NetworkInfo: type: WIFI[], state: CONNECTING/CAPTIVE_PORTAL_CHECK, reason: (unspecified), extra: "COOTEK_WL", roaming: false, failover: false, isAvailable: true, isConnectedToProvisioningNetwork: false
D/ConnectivityService(  768): ConnectivityChange for WIFI: CONNECTED/CONNECTED
E/ConnectivityService(  768): Unexpected mtu value: android.net.wifi.WifiStateTracker@431579c8
D/Nat464Xlat(  768): requiresClat: netType=1, hasIPv4Address=true
D/MobileDataStateTracker(  768): default: setPolicyDataEnable(enabled=true)
D/MobileDataStateTracker(  768): default: setPolicyDataEnable(enabled=true)
D/ConnectivityService(  768): handleConnectivityChange: addresses changed linkProperty[1]: resetMask=0
D/ConnectivityService(  768):    car=removed=[] added=[fe80::4a59:29ff:fef1:4301/64,]
D/Nat464Xlat(  768): requiresClat: netType=1, hasIPv4Address=true
I/ActivityManager(  768): Killing 30260:com.zdworks.android.zdclock:remote/u0a96 (adj 15): empty #17
I/ActivityManager(  768): START u0 {act=android.intent.action.MAIN cat=[android.intent.category.HOME] flg=0x10200000 cmp=com.google.android.googlequicksearchbox/com.google.android.launcher.GEL} from pid 768
I/ActivityManager(  768): START u0 {act=android.intent.action.MAIN cat=[android.intent.category.LAUNCHER] flg=0x10200000 cmp=com.google.android.keep/.activities.BrowseActivity bnds=[540,575][804,871] (has extras)} from pid 1060
I/ActivityManager(  768): Start proc com.tmall.wireless:notify for broadcast com.tmall.wireless/com.taobao.appcenter.util.app.PhoneStatusReceiver: pid=31874 uid=10088 gids={50088, 3003, 1028, 1015, 3002, 3001}
I/ActivityManager(  768): Start proc com.google.android.gallery3d for broadcast com.google.android.gallery3d/com.google.android.picasasync.ConnectivityReceiver: pid=31988 uid=10039 gids={50039, 3003, 1028, 1015}
W/ActivityManager(  768): Unable to start service Intent { act=anetwork.channel.aidl.ISwitchHandlerSetter pkg=com.tmall.wireless } U=0: not found
V/NotificationService(  768): notifications are disabled by AppOps for com.google.android.gms
E/NotificationService(  768): Suppressing notification from package com.google.android.gms by user request.
I/ActivityManager(  768): Start proc com.google.android.apps.maps for broadcast com.google.android.apps.maps/com.google.userfeedback.android.api.FeedbackConnectivityReceiver: pid=32021 uid=10057 gids={50057, 3003, 1028, 1015, 3002, 3001}
I/ActivityManager(  768): Start proc com.android.chrome for broadcast com.android.chrome/com.google.android.apps.chrome.precache.PrecacheServiceLauncher: pid=32042 uid=10031 gids={50031, 3003, 1028, 1015}
I/ActivityManager(  768): Killing 30288:com.emoji.coolkeyboard/u0a76 (adj 15): empty #17
W/ActivityThread(32021): ClassLoader.loadClass: The class loader returned by Thread.getContextClassLoader() may fail for processes that host multiple applications. You should explicitly specify a context class loader. For example: Thread.setContextClassLoader(getClass().getClassLoader());
I/ActivityManager(  768): Start proc com.UCMobile:RemoteBackgroundProcess for broadcast com.UCMobile/com.uc.browser.msgpush.BackgroundProcessBroadcastReveiver: pid=32063 uid=10075 gids={50075, 3003, 1028, 1015}
I/ActivityManager(  768): Killing 30307:com.autonavi.minimap/u0a82 (adj 15): empty #17
I/ActivityManager(  768): Start proc com.google.android.gms.unstable for service com.google.android.gms/.droidguard.DroidGuardService: pid=32075 uid=10007 gids={50007, 3003, 1007, 1028, 1015, 3002, 3001, 3007, 2001, 3006}
I/ActivityManager(  768): Start proc com.UCMobile for broadcast com.UCMobile/com.ucweb.message.UcwebRegistrationReceiver: pid=32092 uid=10075 gids={50075, 3003, 1028, 1015}
I/ActivityManager(  768): Killing 30649:com.google.android.deskclock/u0a33 (adj 15): empty #17
E/ActivityThread(32063): Service com.uc.browser.msgpush.RemoteBackgroundProcess has leaked IntentReceiver com.uc.base.net.a.aa@4262a830 that was originally registered here. Are you missing a call to unregisterReceiver()?
E/ActivityThread(32063): android.app.IntentReceiverLeaked: Service com.uc.browser.msgpush.RemoteBackgroundProcess has leaked IntentReceiver com.uc.base.net.a.aa@4262a830 that was originally registered here. Are you missing a call to unregisterReceiver()?
E/ActivityThread(32063): 	at android.app.LoadedApk$ReceiverDispatcher.<init>(LoadedApk.java:796)
E/ActivityThread(32063): 	at android.app.LoadedApk.getReceiverDispatcher(LoadedApk.java:597)
E/ActivityThread(32063): 	at android.app.ContextImpl.registerReceiverInternal(ContextImpl.java:1438)
E/ActivityThread(32063): 	at android.app.ContextImpl.registerReceiver(ContextImpl.java:1418)
E/ActivityThread(32063): 	at android.app.ContextImpl.registerReceiver(ContextImpl.java:1412)
E/ActivityThread(32063): 	at android.content.ContextWrapper.registerReceiver(ContextWrapper.java:467)
E/ActivityThread(32063): 	at com.uc.base.net.a.z.a(ProGuard:65)
E/ActivityThread(32063): 	at com.uc.browser.msgpush.RemoteBackgroundProcess.onCreate(ProGuard:182)
E/ActivityThread(32063): 	at android.app.ActivityThread.handleCreateService(ActivityThread.java:2558)
E/ActivityThread(32063): 	at android.app.ActivityThread.access$1800(ActivityThread.java:135)
E/ActivityThread(32063): 	at android.app.ActivityThread$H.handleMessage(ActivityThread.java:1278)
E/ActivityThread(32063): 	at android.os.Handler.dispatchMessage(Handler.java:102)
E/ActivityThread(32063): 	at android.os.Looper.loop(Looper.java:136)
E/ActivityThread(32063): 	at android.app.ActivityThread.main(ActivityThread.java:5001)
E/ActivityThread(32063): 	at java.lang.reflect.Method.invokeNative(Native Method)
E/ActivityThread(32063): 	at java.lang.reflect.Method.invoke(Method.java:515)
E/ActivityThread(32063): 	at com.android.internal.os.ZygoteInit$MethodAndArgsCaller.run(ZygoteInit.java:785)
E/ActivityThread(32063): 	at com.android.internal.os.ZygoteInit.main(ZygoteInit.java:601)
E/ActivityThread(32063): 	at dalvik.system.NativeStart.main(Native Method)
W/ActivityManager(  768): Unable to start service Intent { act=android.net.conn.CONNECTIVITY_CHANGE flg=0x4000010 cmp=com.UCMobile/.push.UcwebIntentService (has extras) } U=0: not found
I/ActivityManager(  768): Start proc com.dianping.v1:dppushservice for service com.dianping.v1/com.dianping.base.push.pushservice.dp.DPPushService: pid=32124 uid=10077 gids={50077, 3003, 1028, 1015}
I/ActivityManager(  768): Start proc com.mfw.roadbook:bdservice_v1 for broadcast com.mfw.roadbook/com.baidu.android.moplus.MoPlusReceiver: pid=32136 uid=10121 gids={50121, 1028, 1015, 3003}
I/ActivityManager(  768): Killing 30957:com.google.android.partnersetup/u0a11 (adj 15): empty #17
D/ConnectivityService(  768): startUsingNetworkFeature reconnecting to 0: enableSUPL
D/ConnectivityService(  768): startUsingNetworkFeature X: return APN_REQUEST_STARTED
D/MobileDataStateTracker(  768): hipri: Broadcast received: ACTION_ANY_DATA_CONNECTION_FAILED ignore, mApnType=hipri != received apnType=supl
D/MobileDataStateTracker(  768): ia: Broadcast received: ACTION_ANY_DATA_CONNECTION_FAILED ignore, mApnType=ia != received apnType=supl
D/MobileDataStateTracker(  768): cbs: Broadcast received: ACTION_ANY_DATA_CONNECTION_FAILED ignore, mApnType=cbs != received apnType=supl
D/MobileDataStateTracker(  768): ims: Broadcast received: ACTION_ANY_DATA_CONNECTION_FAILED ignore, mApnType=ims != received apnType=supl
D/MobileDataStateTracker(  768): fota: Broadcast received: ACTION_ANY_DATA_CONNECTION_FAILED ignore, mApnType=fota != received apnType=supl
D/MobileDataStateTracker(  768): dun: Broadcast received: ACTION_ANY_DATA_CONNECTION_FAILED ignore, mApnType=dun != received apnType=supl
D/MobileDataStateTracker(  768): supl: dataEnabled
D/MobileDataStateTracker(  768): supl: setDetailed state, old =IDLE and new state=FAILED
D/ConnectivityService(  768): ConnectivityChange for mobile_supl: DISCONNECTED/FAILED
D/MobileDataStateTracker(  768): mms: Broadcast received: ACTION_ANY_DATA_CONNECTION_FAILED ignore, mApnType=mms != received apnType=supl
D/MobileDataStateTracker(  768): default: Broadcast received: ACTION_ANY_DATA_CONNECTION_FAILED ignore, mApnType=default != received apnType=supl
E/ConnectivityService(  768): Attempt to connect to mobile_supl failed (dataEnabled).
D/MobileDataStateTracker(  768): fota: Broadcast received: android.intent.action.ANY_DATA_STATE apnType=fota
D/MobileDataStateTracker(  768): default: setPolicyDataEnable(enabled=true)
D/MobileDataStateTracker(  768): fota: Received state=DISCONNECTED, old=DISCONNECTED, reason=dataEnabled
D/MobileDataStateTracker(  768): dun: Broadcast received: android.intent.action.ANY_DATA_STATE apnType=dun
D/MobileDataStateTracker(  768): dun: Received state=DISCONNECTED, old=DISCONNECTED, reason=dataEnabled
D/MobileDataStateTracker(  768): ia: Broadcast received: android.intent.action.ANY_DATA_STATE apnType=ia
D/MobileDataStateTracker(  768): ia: Received state=DISCONNECTED, old=DISCONNECTED, reason=dataEnabled
D/MobileDataStateTracker(  768): hipri: Broadcast received: android.intent.action.ANY_DATA_STATE apnType=hipri
D/MobileDataStateTracker(  768): default: setPolicyDataEnable(enabled=true)
D/MobileDataStateTracker(  768): default: setPolicyDataEnable(enabled=true)
D/MobileDataStateTracker(  768): hipri: Received state=DISCONNECTED, old=DISCONNECTED, reason=dataEnabled
D/MobileDataStateTracker(  768): ims: Broadcast received: android.intent.action.ANY_DATA_STATE apnType=ims
D/MobileDataStateTracker(  768): ims: Received state=DISCONNECTED, old=DISCONNECTED, reason=dataEnabled
D/MobileDataStateTracker(  768): mms: Broadcast received: android.intent.action.ANY_DATA_STATE apnType=mms
D/MobileDataStateTracker(  768): default: setPolicyDataEnable(enabled=true)
D/MobileDataStateTracker(  768): mms: Received state=DISCONNECTED, old=DISCONNECTED, reason=dataEnabled
D/MobileDataStateTracker(  768): cbs: Broadcast received: android.intent.action.ANY_DATA_STATE apnType=cbs
D/MobileDataStateTracker(  768): cbs: Received state=DISCONNECTED, old=DISCONNECTED, reason=dataEnabled
I/ActivityManager(  768): Process com.mfw.roadbook:bdservice_v1 (pid 32136) has died.
I/ActivityManager(  768): Start proc fm.qingting.qtradio:pushservice for service fm.qingting.qtradio/.pushmessage.UmengPushIntentService: pid=32210 uid=10281 gids={50281, 3003, 1028, 1015, 3001, 3002}
I/ActivityManager(  768): Start proc com.zdworks.android.zdclock:remote for broadcast com.zdworks.android.zdclock/.receiver.NetworkStateChangedReceiver: pid=32227 uid=10096 gids={50096, 3003, 1028, 1015}
I/ActivityManager(  768): Killing 30098:android.process.acore/u0a3 (adj 15): empty #17
W/ActivityThread(32227): ClassLoader.loadClass: The class loader returned by Thread.getContextClassLoader() may fail for processes that host multiple applications. You should explicitly specify a context class loader. For example: Thread.setContextClassLoader(getClass().getClassLoader());
I/ActivityManager(  768): Killing 31284:com.tencent.mobileqq/u0a89 (adj 15): empty #17
D/ConnectivityService(  768): stopUsingNetworkFeature: teardown net 0: enableSUPL
I/ActivityManager(  768): Start proc com.emoji.coolkeyboard for broadcast com.emoji.coolkeyboard/com.umeng.message.RegistrationReceiver: pid=32268 uid=10076 gids={50076, 1028, 1015, 3003}
I/ActivityManager(  768): Start proc com.autonavi.minimap for broadcast com.autonavi.minimap/com.umeng.message.RegistrationReceiver: pid=32290 uid=10082 gids={50082, 3003, 1028, 1015}
I/ActivityManager(  768): Killing 30981:com.android.vending/u0a14 (adj 15): empty #17
I/ActivityManager(  768): Start proc com.tencent.mobileqq for content provider com.tencent.mobileqq/com.tencent.mqq.shared_file_accessor.ContentProviderImpl: pid=32328 uid=10089 gids={50089, 3003, 3002, 3001, 1028, 1015}
I/ActivityManager(  768): Killing 29887:com.jiongji.andriod.card:wordlock/u0a264 (adj 15): empty #17
I/ActivityManager(  768): Killing 31589:com.android.settings/1000 (adj 15): empty #17
W/ActivityManager(  768): Unable to start service Intent { act=android.net.conn.CONNECTIVITY_CHANGE flg=0x4000010 cmp=com.UCMobile/.push.UcwebIntentService (has extras) } U=0: not found
V/NotificationService(  768): notifications are disabled by AppOps for com.google.android.gms
E/NotificationService(  768): Suppressing notification from package com.google.android.gms by user request.
I/ActivityManager(  768): Start proc com.mfw.roadbook:bdservice_v1 for broadcast com.mfw.roadbook/com.baidu.android.moplus.MoPlusReceiver: pid=32391 uid=10121 gids={50121, 1028, 1015, 3003}
I/ActivityManager(  768): Process com.mfw.roadbook:bdservice_v1 (pid 32391) has died.
V/NotificationService(  768): notifications are disabled by AppOps for com.google.android.gms
E/NotificationService(  768): Suppressing notification from package com.google.android.gms by user request.
W/ActivityManager(  768): Unable to start service Intent { act=android.net.conn.CONNECTIVITY_CHANGE flg=0x4000010 cmp=com.UCMobile/.push.UcwebIntentService (has extras) } U=0: not found
I/ActivityManager(  768): Start proc com.mfw.roadbook:bdservice_v1 for broadcast com.mfw.roadbook/com.baidu.android.moplus.MoPlusReceiver: pid=32443 uid=10121 gids={50121, 1028, 1015, 3003}
I/ActivityManager(  768): Process com.mfw.roadbook:bdservice_v1 (pid 32443) has died.
I/ActivityManager(  768): Start proc com.mfw.roadbook:bdservice_v1 for broadcast com.mfw.roadbook/com.baidu.android.moplus.MoPlusReceiver: pid=32476 uid=10121 gids={50121, 1028, 1015, 3003}
I/ActivityManager(  768): Process com.mfw.roadbook:bdservice_v1 (pid 32476) has died.
I/ActivityManager(  768): Start proc com.mfw.roadbook:bdservice_v1 for broadcast com.mfw.roadbook/com.baidu.android.moplus.MoPlusReceiver: pid=32497 uid=10121 gids={50121, 1028, 1015, 3003}
I/ActivityManager(  768): Process com.mfw.roadbook:bdservice_v1 (pid 32497) has died.
I/ActivityManager(  768): Start proc com.mfw.roadbook:bdservice_v1 for broadcast com.mfw.roadbook/com.baidu.android.moplus.MoPlusReceiver: pid=32515 uid=10121 gids={50121, 1028, 1015, 3003}
I/ActivityManager(  768): Process com.mfw.roadbook:bdservice_v1 (pid 32515) has died.
I/ActivityManager(  768): Start proc com.google.android.deskclock for broadcast com.google.android.deskclock/com.android.alarmclock.DigitalAppWidgetProvider: pid=32536 uid=10033 gids={50033, 1028}
I/ActivityManager(  768): Killing 32328:com.tencent.mobileqq/u0a89 (adj 15): empty #17
D/ConnectivityService(  768): setProvNotificationVisible: E visible=false networkType=1 extraInfo=null url=null
D/ConnectivityService(  768): captivePortalCheckCompleted: ni=NetworkInfo: type: WIFI[], state: CONNECTED/CONNECTED, reason: (unspecified), extra: "COOTEK_WL", roaming: false, failover: false, isAvailable: true, isConnectedToProvisioningNetwork: false captive=false
W/BackupManagerService(  768): dataChanged but no participant pkg='com.android.providers.settings' uid=10264
W/BackupManagerService(  768): dataChanged but no participant pkg='com.android.providers.settings' uid=10264
I/ActivityManager(  768): Waited long enough for: ServiceRecord{43a43cf0 u0 com.jb.gokeyboard/.wecloud.controller.WeCloudPushService}
W/BackupManagerService(  768): dataChanged but no participant pkg='com.android.providers.settings' uid=10264
E/ActivityThread( 1225): Failed to find provider info for com.google.android.wearable.settings
I/ActivityManager(  768): Killing 31874:com.tmall.wireless:notify/u0a88 (adj 15): empty #17
I/ActivityManager(  768): Killing 31988:com.google.android.gallery3d/u0a39 (adj 15): empty #17
I/ActivityManager(  768): Start proc com.tencent.mobileqq for content provider com.tencent.mobileqq/com.tencent.mqq.shared_file_accessor.ContentProviderImpl: pid=370 uid=10089 gids={50089, 3003, 3002, 3001, 1028, 1015}
D/ConnectivityService(  768): handleInetConditionHoldEnd: net=1, condition=0, published condition=0
I/ActivityManager(  768): Killing 32021:com.google.android.apps.maps/u0a57 (adj 15): empty #17
I/ActivityManager(  768): Start proc com.tencent.mm:tools for broadcast com.tencent.mm/.booter.MMReceivers$ToolsProcessReceiver: pid=433 uid=10078 gids={50078, 3003, 1028, 1015, 3002, 3001}
E/ActivityThread(  433): Failed to find provider info for com.tencent.mm.coolassist.debugprovider
I/ActivityManager(  768): Process com.tencent.mm:tools (pid 433) has died.
I/PowerManagerService(  768): Going to sleep due to screen timeout...
I/ActivityManager(  768): START u0 {flg=0x10100000 cmp=com.jiongji.andriod.card/com.baicizhan.client.wordlock.activity.WordLockClient (has extras)} from pid 20634
I/ActivityManager(  768): Start proc com.jiongji.andriod.card:wordlock for activity com.jiongji.andriod.card/com.baicizhan.client.wordlock.activity.WordLockClient: pid=561 uid=10264 gids={50264, 3003, 1028, 1015}
D/ConnectivityService(  768): startUsingNetworkFeature reconnecting to 0: enableSUPL
D/ConnectivityService(  768): startUsingNetworkFeature X: return APN_REQUEST_STARTED
D/MobileDataStateTracker(  768): hipri: Broadcast received: ACTION_ANY_DATA_CONNECTION_FAILED ignore, mApnType=hipri != received apnType=supl
D/MobileDataStateTracker(  768): ia: Broadcast received: ACTION_ANY_DATA_CONNECTION_FAILED ignore, mApnType=ia != received apnType=supl
D/MobileDataStateTracker(  768): cbs: Broadcast received: ACTION_ANY_DATA_CONNECTION_FAILED ignore, mApnType=cbs != received apnType=supl
D/MobileDataStateTracker(  768): ims: Broadcast received: ACTION_ANY_DATA_CONNECTION_FAILED ignore, mApnType=ims != received apnType=supl
D/MobileDataStateTracker(  768): fota: Broadcast received: ACTION_ANY_DATA_CONNECTION_FAILED ignore, mApnType=fota != received apnType=supl
D/MobileDataStateTracker(  768): dun: Broadcast received: ACTION_ANY_DATA_CONNECTION_FAILED ignore, mApnType=dun != received apnType=supl
D/MobileDataStateTracker(  768): supl: dataEnabled
D/MobileDataStateTracker(  768): supl: setDetailed state, old =IDLE and new state=FAILED
D/ConnectivityService(  768): ConnectivityChange for mobile_supl: DISCONNECTED/FAILED
D/MobileDataStateTracker(  768): mms: Broadcast received: ACTION_ANY_DATA_CONNECTION_FAILED ignore, mApnType=mms != received apnType=supl
E/ConnectivityService(  768): Attempt to connect to mobile_supl failed (dataEnabled).
D/MobileDataStateTracker(  768): default: Broadcast received: ACTION_ANY_DATA_CONNECTION_FAILED ignore, mApnType=default != received apnType=supl
D/MobileDataStateTracker(  768): fota: Broadcast received: android.intent.action.ANY_DATA_STATE apnType=fota
D/MobileDataStateTracker(  768): fota: Received state=DISCONNECTED, old=DISCONNECTED, reason=dataEnabled
D/MobileDataStateTracker(  768): dun: Broadcast received: android.intent.action.ANY_DATA_STATE apnType=dun
D/MobileDataStateTracker(  768): default: setPolicyDataEnable(enabled=true)
D/MobileDataStateTracker(  768): dun: Received state=DISCONNECTED, old=DISCONNECTED, reason=dataEnabled
D/MobileDataStateTracker(  768): ia: Broadcast received: android.intent.action.ANY_DATA_STATE apnType=ia
D/MobileDataStateTracker(  768): default: setPolicyDataEnable(enabled=true)
D/MobileDataStateTracker(  768): ia: Received state=DISCONNECTED, old=DISCONNECTED, reason=dataEnabled
D/MobileDataStateTracker(  768): hipri: Broadcast received: android.intent.action.ANY_DATA_STATE apnType=hipri
D/MobileDataStateTracker(  768): hipri: Received state=DISCONNECTED, old=DISCONNECTED, reason=dataEnabled
D/MobileDataStateTracker(  768): ims: Broadcast received: android.intent.action.ANY_DATA_STATE apnType=ims
D/MobileDataStateTracker(  768): default: setPolicyDataEnable(enabled=true)
D/MobileDataStateTracker(  768): ims: Received state=DISCONNECTED, old=DISCONNECTED, reason=dataEnabled
D/MobileDataStateTracker(  768): mms: Broadcast received: android.intent.action.ANY_DATA_STATE apnType=mms
D/MobileDataStateTracker(  768): default: setPolicyDataEnable(enabled=true)
D/MobileDataStateTracker(  768): mms: Received state=DISCONNECTED, old=DISCONNECTED, reason=dataEnabled
D/MobileDataStateTracker(  768): cbs: Broadcast received: android.intent.action.ANY_DATA_STATE apnType=cbs
D/MobileDataStateTracker(  768): cbs: Received state=DISCONNECTED, old=DISCONNECTED, reason=dataEnabled
I/ActivityManager(  768): Start proc com.tmall.wireless:notify for broadcast com.tmall.wireless/com.taobao.appcenter.util.app.PhoneStatusReceiver: pid=663 uid=10088 gids={50088, 3003, 1028, 1015, 3002, 3001}
I/ActivityManager(  768): Killing 32042:com.android.chrome/u0a31 (adj 15): empty #17
W/FileUtils(  561): Failed to chmod(/storage/emulated/0/baicizhan/lockdb.db): libcore.io.ErrnoException: chmod failed: EPERM (Operation not permitted)
W/ActivityManager(  768): Unable to start service Intent { act=anetwork.channel.aidl.ISwitchHandlerSetter pkg=com.tmall.wireless } U=0: not found
I/ActivityManager(  768): Start proc com.google.android.gallery3d for broadcast com.google.android.gallery3d/com.google.android.picasasync.ConnectivityReceiver: pid=759 uid=10039 gids={50039, 3003, 1028, 1015}
D/ConnectivityService(  768): stopUsingNetworkFeature: teardown net 0: enableSUPL
W/FileUtils(  561): Failed to chmod(/storage/emulated/0/baicizhan/lockdb.db): libcore.io.ErrnoException: chmod failed: EPERM (Operation not permitted)
W/FileUtils(  561): Failed to chmod(/storage/emulated/0/baicizhan/lockdb.db): libcore.io.ErrnoException: chmod failed: EPERM (Operation not permitted)
I/ActivityManager(  768): Killing 30077:com.google.android.apps.plus/u0a63 (adj 15): empty #17
I/ActivityManager(  768): Start proc com.google.android.apps.maps for broadcast com.google.android.apps.maps/com.google.userfeedback.android.api.FeedbackConnectivityReceiver: pid=806 uid=10057 gids={50057, 3003, 1028, 1015, 3002, 3001}
V/NotificationService(  768): notifications are disabled by AppOps for com.google.android.gms
E/NotificationService(  768): Suppressing notification from package com.google.android.gms by user request.
W/FileUtils(  561): Failed to chmod(/storage/emulated/0/baicizhan/lockdb.db): libcore.io.ErrnoException: chmod failed: EPERM (Operation not permitted)
W/FileUtils(  561): Failed to chmod(/storage/emulated/0/baicizhan/lockdb.db): libcore.io.ErrnoException: chmod failed: EPERM (Operation not permitted)
W/ActivityThread(  806): ClassLoader.loadClass: The class loader returned by Thread.getContextClassLoader() may fail for processes that host multiple applications. You should explicitly specify a context class loader. For example: Thread.setContextClassLoader(getClass().getClassLoader());
I/ActivityManager(  768): Start proc com.android.chrome for broadcast com.android.chrome/com.google.android.apps.chrome.precache.PrecacheServiceLauncher: pid=884 uid=10031 gids={50031, 3003, 1028, 1015}
I/ActivityManager(  768): Killing 32063:com.UCMobile:RemoteBackgroundProcess/u0a75 (adj 15): empty #17
I/ActivityManager(  768): Start proc com.google.android.apps.plus for broadcast com.google.android.apps.plus/.service.ConnectivityReceiver: pid=902 uid=10063 gids={50063, 3003, 3002, 1028, 1015}
I/ActivityManager(  768): Killing 32092:com.UCMobile/u0a75 (adj 15): empty #17
I/ActivityManager(  768): Start proc android.process.acore for content provider com.android.providers.contacts/.ContactsProvider2: pid=921 uid=10003 gids={50003, 3003, 1028, 1015}
I/ActivityManager(  768): Start proc com.UCMobile:RemoteBackgroundProcess for broadcast com.UCMobile/com.uc.browser.msgpush.BackgroundProcessBroadcastReveiver: pid=939 uid=10075 gids={50075, 3003, 1028, 1015}
I/ActivityManager(  768): Killing 32210:fm.qingting.qtradio:pushservice/u0a281 (adj 15): empty #17
I/ActivityManager(  768): Killing 30142:com.dianping.v1/u0a77 (adj 15): empty #18
I/ActivityManager(  768): Start proc com.UCMobile for broadcast com.UCMobile/com.ucweb.message.UcwebRegistrationReceiver: pid=953 uid=10075 gids={50075, 3003, 1028, 1015}
I/ActivityManager(  768): Killing 32227:com.zdworks.android.zdclock:remote/u0a96 (adj 15): empty #17
E/ActivityThread(  939): Service com.uc.browser.msgpush.RemoteBackgroundProcess has leaked IntentReceiver com.uc.base.net.a.aa@4262d830 that was originally registered here. Are you missing a call to unregisterReceiver()?
E/ActivityThread(  939): android.app.IntentReceiverLeaked: Service com.uc.browser.msgpush.RemoteBackgroundProcess has leaked IntentReceiver com.uc.base.net.a.aa@4262d830 that was originally registered here. Are you missing a call to unregisterReceiver()?
E/ActivityThread(  939): 	at android.app.LoadedApk$ReceiverDispatcher.<init>(LoadedApk.java:796)
E/ActivityThread(  939): 	at android.app.LoadedApk.getReceiverDispatcher(LoadedApk.java:597)
E/ActivityThread(  939): 	at android.app.ContextImpl.registerReceiverInternal(ContextImpl.java:1438)
E/ActivityThread(  939): 	at android.app.ContextImpl.registerReceiver(ContextImpl.java:1418)
E/ActivityThread(  939): 	at android.app.ContextImpl.registerReceiver(ContextImpl.java:1412)
E/ActivityThread(  939): 	at android.content.ContextWrapper.registerReceiver(ContextWrapper.java:467)
E/ActivityThread(  939): 	at com.uc.base.net.a.z.a(ProGuard:65)
E/ActivityThread(  939): 	at com.uc.browser.msgpush.RemoteBackgroundProcess.onCreate(ProGuard:182)
E/ActivityThread(  939): 	at android.app.ActivityThread.handleCreateService(ActivityThread.java:2558)
E/ActivityThread(  939): 	at android.app.ActivityThread.access$1800(ActivityThread.java:135)
E/ActivityThread(  939): 	at android.app.ActivityThread$H.handleMessage(ActivityThread.java:1278)
E/ActivityThread(  939): 	at android.os.Handler.dispatchMessage(Handler.java:102)
E/ActivityThread(  939): 	at android.os.Looper.loop(Looper.java:136)
E/ActivityThread(  939): 	at android.app.ActivityThread.main(ActivityThread.java:5001)
E/ActivityThread(  939): 	at java.lang.reflect.Method.invokeNative(Native Method)
E/ActivityThread(  939): 	at java.lang.reflect.Method.invoke(Method.java:515)
E/ActivityThread(  939): 	at com.android.internal.os.ZygoteInit$MethodAndArgsCaller.run(ZygoteInit.java:785)
E/ActivityThread(  939): 	at com.android.internal.os.ZygoteInit.main(ZygoteInit.java:601)
E/ActivityThread(  939): 	at dalvik.system.NativeStart.main(Native Method)
W/ActivityManager(  768): Unable to start service Intent { act=android.net.conn.CONNECTIVITY_CHANGE flg=0x4000010 cmp=com.UCMobile/.push.UcwebIntentService (has extras) } U=0: not found
I/ActivityManager(  768): Start proc com.dianping.v1 for broadcast com.dianping.v1/com.dianping.base.push.pushservice.PhoneStatusReceiver: pid=971 uid=10077 gids={50077, 3003, 1028, 1015}
I/ActivityManager(  768): Killing 32268:com.emoji.coolkeyboard/u0a76 (adj 15): empty #17
I/ActivityManager(  768): Start proc com.mfw.roadbook:bdservice_v1 for broadcast com.mfw.roadbook/com.baidu.android.moplus.MoPlusReceiver: pid=1042 uid=10121 gids={50121, 1028, 1015, 3003}
I/ActivityManager(  768): Killing 32290:com.autonavi.minimap/u0a82 (adj 15): empty #17
I/ActivityManager(  768): Process com.mfw.roadbook:bdservice_v1 (pid 1042) has died.
I/ActivityManager(  768): Start proc fm.qingting.qtradio:pushservice for service fm.qingting.qtradio/.pushmessage.UmengPushIntentService: pid=1090 uid=10281 gids={50281, 3003, 1028, 1015, 3001, 3002}
I/ActivityManager(  768): Start proc com.zdworks.android.zdclock:remote for broadcast com.zdworks.android.zdclock/.receiver.NetworkStateChangedReceiver: pid=1124 uid=10096 gids={50096, 3003, 1028, 1015}
I/ActivityManager(  768): Killing 32536:com.google.android.deskclock/u0a33 (adj 15): empty #17
W/ActivityThread( 1124): ClassLoader.loadClass: The class loader returned by Thread.getContextClassLoader() may fail for processes that host multiple applications. You should explicitly specify a context class loader. For example: Thread.setContextClassLoader(getClass().getClassLoader());
I/ActivityManager(  768): Killing 30921:com.google.android.googlequicksearchbox:search/u0a19 (adj 15): empty #17
I/ActivityManager(  768): Start proc com.emoji.coolkeyboard for broadcast com.emoji.coolkeyboard/com.umeng.message.RegistrationReceiver: pid=1191 uid=10076 gids={50076, 1028, 1015, 3003}
I/ActivityManager(  768): Start proc com.autonavi.minimap for broadcast com.autonavi.minimap/com.umeng.message.RegistrationReceiver: pid=1244 uid=10082 gids={50082, 3003, 1028, 1015}
I/ActivityManager(  768): Killing 31361:com.google.android.gms.wearable/u0a7 (adj 15): empty #17
I/ActivityManager(  768): Killing 32075:com.google.android.gms.unstable/u0a7 (adj 15): empty #17
V/NotificationService(  768): notifications are disabled by AppOps for com.google.android.gms
E/NotificationService(  768): Suppressing notification from package com.google.android.gms by user request.
W/ActivityManager(  768): Unable to start service Intent { act=android.net.conn.CONNECTIVITY_CHANGE flg=0x4000010 cmp=com.UCMobile/.push.UcwebIntentService (has extras) } U=0: not found
I/ActivityManager(  768): Start proc com.mfw.roadbook:bdservice_v1 for broadcast com.mfw.roadbook/com.baidu.android.moplus.MoPlusReceiver: pid=1354 uid=10121 gids={50121, 1028, 1015, 3003}
I/ActivityManager(  768): Process com.mfw.roadbook:bdservice_v1 (pid 1354) has died.
I/ActivityManager(  768): Start proc com.mfw.roadbook:bdservice_v1 for broadcast com.mfw.roadbook/com.baidu.android.moplus.MoPlusReceiver: pid=1396 uid=10121 gids={50121, 1028, 1015, 3003}
I/ActivityManager(  768): Process com.mfw.roadbook:bdservice_v1 (pid 1396) has died.
I/ActivityManager(  768): Start proc com.mfw.roadbook:bdservice_v1 for broadcast com.mfw.roadbook/com.baidu.android.moplus.MoPlusReceiver: pid=1432 uid=10121 gids={50121, 1028, 1015, 3003}
I/ActivityManager(  768): Process com.mfw.roadbook:bdservice_v1 (pid 1432) has died.
I/ActivityManager(  768): Start proc com.google.android.deskclock for broadcast com.google.android.deskclock/com.android.alarmclock.DigitalAppWidgetProvider: pid=1465 uid=10033 gids={50033, 1028}
I/ActivityManager(  768): Killing 370:com.tencent.mobileqq/u0a89 (adj 15): empty #17
W/BackupManagerService(  768): dataChanged but no participant pkg='com.android.providers.settings' uid=10264
W/BackupManagerService(  768): dataChanged but no participant pkg='com.android.providers.settings' uid=10264
I/PowerManagerService(  768): Waking up from sleep...
I/WindowManager(  768): No lock screen! windowToken=android.os.BinderProxy@430aef98
D/DisplayPowerController(  768): Unblocked screen on after 12272071 ms
I/ActivityManager(  768): START u0 {flg=0x10100000 cmp=com.jiongji.andriod.card/com.baicizhan.client.wordlock.activity.WordLockClient (has extras)} from pid 20634
W/FileUtils(  561): Failed to chmod(/storage/emulated/0/baicizhan/lockdb.db): libcore.io.ErrnoException: chmod failed: EPERM (Operation not permitted)
I/ActivityManager(  768): Killing 921:android.process.acore/u0a3 (adj 15): empty #17
W/FileUtils(  561): Failed to chmod(/storage/emulated/0/baicizhan/lockdb.db): libcore.io.ErrnoException: chmod failed: EPERM (Operation not permitted)
W/FileUtils(  561): Failed to chmod(/storage/emulated/0/baicizhan/lockdb.db): libcore.io.ErrnoException: chmod failed: EPERM (Operation not permitted)
I/ActivityManager(  768): Start proc android.process.acore for content provider com.android.providers.contacts/.CallLogProvider: pid=1578 uid=10003 gids={50003, 3003, 1028, 1015}
I/ActivityManager(  768): Killing 663:com.tmall.wireless:notify/u0a88 (adj 15): empty #17
I/ActivityManager(  768): Start proc com.tencent.mobileqq for content provider com.tencent.mobileqq/com.tencent.mqq.shared_file_accessor.ContentProviderImpl: pid=1600 uid=10089 gids={50089, 3003, 3002, 3001, 1028, 1015}
I/ActivityManager(  768): Killing 759:com.google.android.gallery3d/u0a39 (adj 15): empty #17
I/BootReceiver(  768): Copying /data/tombstones/tombstone_02 to DropBox (SYSTEM_TOMBSTONE)
I/WindowState(  768): WIN DEATH: Window{43291ba0 u0 InputMethod}
I/ActivityManager(  768): Process com.cootek.smartinputv5 (pid 984) has died.
W/ActivityManager(  768): Scheduling restart of crashed service com.cootek.smartinputv5/com.cootek.smartinput5.presentations.BindService in 1000ms
F/ActivityManager(  768): Service ServiceRecord{432a7628 u0 com.cootek.smartinputv5/com.cootek.smartinput5.engine.SettingsService} in process ProcessRecord{430bef90 984:com.cootek.smartinputv5/u0a279} not same as in map: null
W/InputMethodManagerService(  768): Session failed to close due to remote exception
W/InputMethodManagerService(  768): android.os.DeadObjectException
W/InputMethodManagerService(  768): 	at android.os.BinderProxy.transact(Native Method)
W/InputMethodManagerService(  768): 	at com.android.internal.view.IInputMethodSession$Stub$Proxy.finishSession(IInputMethodSession.java:292)
W/InputMethodManagerService(  768): 	at com.android.server.InputMethodManagerService.finishSessionLocked(InputMethodManagerService.java:1357)
W/InputMethodManagerService(  768): 	at com.android.server.InputMethodManagerService.clearClientSessionLocked(InputMethodManagerService.java:1348)
W/InputMethodManagerService(  768): 	at com.android.server.InputMethodManagerService.clearCurMethodLocked(InputMethodManagerService.java:1374)
W/InputMethodManagerService(  768): 	at com.android.server.InputMethodManagerService.onServiceDisconnected(InputMethodManagerService.java:1393)
W/InputMethodManagerService(  768): 	at android.app.LoadedApk$ServiceDispatcher.doDeath(LoadedApk.java:1106)
W/InputMethodManagerService(  768): 	at android.app.LoadedApk$ServiceDispatcher$RunConnection.run(LoadedApk.java:1120)
W/InputMethodManagerService(  768): 	at android.os.Handler.handleCallback(Handler.java:733)
W/InputMethodManagerService(  768): 	at android.os.Handler.dispatchMessage(Handler.java:95)
W/InputMethodManagerService(  768): 	at android.os.Looper.loop(Looper.java:136)
W/InputMethodManagerService(  768): 	at com.android.server.ServerThread.initAndLoop(SystemServer.java:1093)
W/InputMethodManagerService(  768): 	at com.android.server.SystemServer.main(SystemServer.java:1179)
W/InputMethodManagerService(  768): 	at java.lang.reflect.Method.invokeNative(Native Method)
W/InputMethodManagerService(  768): 	at java.lang.reflect.Method.invoke(Method.java:515)
W/InputMethodManagerService(  768): 	at com.android.internal.os.ZygoteInit$MethodAndArgsCaller.run(ZygoteInit.java:785)
W/InputMethodManagerService(  768): 	at com.android.internal.os.ZygoteInit.main(ZygoteInit.java:601)
W/InputMethodManagerService(  768): 	at dalvik.system.NativeStart.main(Native Method)
W/InputMethodManagerService(  768): Session failed to close due to remote exception
W/InputMethodManagerService(  768): android.os.DeadObjectException
W/InputMethodManagerService(  768): 	at android.os.BinderProxy.transact(Native Method)
W/InputMethodManagerService(  768): 	at com.android.internal.view.IInputMethodSession$Stub$Proxy.finishSession(IInputMethodSession.java:292)
W/InputMethodManagerService(  768): 	at com.android.server.InputMethodManagerService.finishSessionLocked(InputMethodManagerService.java:1357)
W/InputMethodManagerService(  768): 	at com.android.server.InputMethodManagerService.clearClientSessionLocked(InputMethodManagerService.java:1348)
W/InputMethodManagerService(  768): 	at com.android.server.InputMethodManagerService.clearCurMethodLocked(InputMethodManagerService.java:1374)
W/InputMethodManagerService(  768): 	at com.android.server.InputMethodManagerService.onServiceDisconnected(InputMethodManagerService.java:1393)
W/InputMethodManagerService(  768): 	at android.app.LoadedApk$ServiceDispatcher.doDeath(LoadedApk.java:1106)
W/InputMethodManagerService(  768): 	at android.app.LoadedApk$ServiceDispatcher$RunConnection.run(LoadedApk.java:1120)
W/InputMethodManagerService(  768): 	at android.os.Handler.handleCallback(Handler.java:733)
W/InputMethodManagerService(  768): 	at android.os.Handler.dispatchMessage(Handler.java:95)
W/InputMethodManagerService(  768): 	at android.os.Looper.loop(Looper.java:136)
W/InputMethodManagerService(  768): 	at com.android.server.ServerThread.initAndLoop(SystemServer.java:1093)
W/InputMethodManagerService(  768): 	at com.android.server.SystemServer.main(SystemServer.java:1179)
W/InputMethodManagerService(  768): 	at java.lang.reflect.Method.invokeNative(Native Method)
W/InputMethodManagerService(  768): 	at java.lang.reflect.Method.invoke(Method.java:515)
W/InputMethodManagerService(  768): 	at com.android.internal.os.ZygoteInit$MethodAndArgsCaller.run(ZygoteInit.java:785)
W/InputMethodManagerService(  768): 	at com.android.internal.os.ZygoteInit.main(ZygoteInit.java:601)
W/InputMethodManagerService(  768): 	at dalvik.system.NativeStart.main(Native Method)
W/ActivityManager(  768): Scheduling restart of crashed service com.cootek.smartinputv5/com.cootek.presentation.service.PresentationService in 10987ms
W/ActivityManager(  768): Scheduling restart of crashed service com.cootek.smartinputv5/com.cootek.smartinput5.TouchPalIME in 20987ms
W/InputMethodManagerService(  768): Session failed to close due to remote exception
W/InputMethodManagerService(  768): android.os.DeadObjectException
W/InputMethodManagerService(  768): 	at android.os.BinderProxy.transact(Native Method)
W/InputMethodManagerService(  768): 	at com.android.internal.view.IInputMethodSession$Stub$Proxy.finishSession(IInputMethodSession.java:292)
W/InputMethodManagerService(  768): 	at com.android.server.InputMethodManagerService.finishSessionLocked(InputMethodManagerService.java:1357)
W/InputMethodManagerService(  768): 	at com.android.server.InputMethodManagerService.clearClientSessionLocked(InputMethodManagerService.java:1348)
W/InputMethodManagerService(  768): 	at com.android.server.InputMethodManagerService.clearCurMethodLocked(InputMethodManagerService.java:1374)
W/InputMethodManagerService(  768): 	at com.android.server.InputMethodManagerService.onServiceDisconnected(InputMethodManagerService.java:1393)
W/InputMethodManagerService(  768): 	at android.app.LoadedApk$ServiceDispatcher.doDeath(LoadedApk.java:1106)
W/InputMethodManagerService(  768): 	at android.app.LoadedApk$ServiceDispatcher$RunConnection.run(LoadedApk.java:1120)
W/InputMethodManagerService(  768): 	at android.os.Handler.handleCallback(Handler.java:733)
W/InputMethodManagerService(  768): 	at android.os.Handler.dispatchMessage(Handler.java:95)
W/InputMethodManagerService(  768): 	at android.os.Looper.loop(Looper.java:136)
W/InputMethodManagerService(  768): 	at com.android.server.ServerThread.initAndLoop(SystemServer.java:1093)
W/InputMethodManagerService(  768): 	at com.android.server.SystemServer.main(SystemServer.java:1179)
W/InputMethodManagerService(  768): 	at java.lang.reflect.Method.invokeNative(Native Method)
W/InputMethodManagerService(  768): 	at java.lang.reflect.Method.invoke(Method.java:515)
W/InputMethodManagerService(  768): 	at com.android.internal.os.ZygoteInit$MethodAndArgsCaller.run(ZygoteInit.java:785)
W/InputMethodManagerService(  768): 	at com.android.internal.os.ZygoteInit.main(ZygoteInit.java:601)
W/InputMethodManagerService(  768): 	at dalvik.system.NativeStart.main(Native Method)
W/InputMethodManagerService(  768): Session failed to close due to remote exception
W/InputMethodManagerService(  768): android.os.DeadObjectException
W/InputMethodManagerService(  768): 	at android.os.BinderProxy.transact(Native Method)
W/InputMethodManagerService(  768): 	at com.android.internal.view.IInputMethodSession$Stub$Proxy.finishSession(IInputMethodSession.java:292)
W/InputMethodManagerService(  768): 	at com.android.server.InputMethodManagerService.finishSessionLocked(InputMethodManagerService.java:1357)
W/InputMethodManagerService(  768): 	at com.android.server.InputMethodManagerService.clearClientSessionLocked(InputMethodManagerService.java:1348)
W/InputMethodManagerService(  768): 	at com.android.server.InputMethodManagerService.clearCurMethodLocked(InputMethodManagerService.java:1374)
W/InputMethodManagerService(  768): 	at com.android.server.InputMethodManagerService.onServiceDisconnected(InputMethodManagerService.java:1393)
W/InputMethodManagerService(  768): 	at android.app.LoadedApk$ServiceDispatcher.doDeath(LoadedApk.java:1106)
W/InputMethodManagerService(  768): 	at android.app.LoadedApk$ServiceDispatcher$RunConnection.run(LoadedApk.java:1120)
W/InputMethodManagerService(  768): 	at android.os.Handler.handleCallback(Handler.java:733)
W/InputMethodManagerService(  768): 	at android.os.Handler.dispatchMessage(Handler.java:95)
W/InputMethodManagerService(  768): 	at android.os.Looper.loop(Looper.java:136)
W/InputMethodManagerService(  768): 	at com.android.server.ServerThread.initAndLoop(SystemServer.java:1093)
W/InputMethodManagerService(  768): 	at com.android.server.SystemServer.main(SystemServer.java:1179)
W/InputMethodManagerService(  768): 	at java.lang.reflect.Method.invokeNative(Native Method)
W/InputMethodManagerService(  768): 	at java.lang.reflect.Method.invoke(Method.java:515)
W/InputMethodManagerService(  768): 	at com.android.internal.os.ZygoteInit$MethodAndArgsCaller.run(ZygoteInit.java:785)
W/InputMethodManagerService(  768): 	at com.android.internal.os.ZygoteInit.main(ZygoteInit.java:601)
W/InputMethodManagerService(  768): 	at dalvik.system.NativeStart.main(Native Method)
W/InputMethodManagerService(  768): Session failed to close due to remote exception
W/InputMethodManagerService(  768): android.os.DeadObjectException
W/InputMethodManagerService(  768): 	at android.os.BinderProxy.transact(Native Method)
W/InputMethodManagerService(  768): 	at com.android.internal.view.IInputMethodSession$Stub$Proxy.finishSession(IInputMethodSession.java:292)
W/InputMethodManagerService(  768): 	at com.android.server.InputMethodManagerService.finishSessionLocked(InputMethodManagerService.java:1357)
W/InputMethodManagerService(  768): 	at com.android.server.InputMethodManagerService.clearClientSessionLocked(InputMethodManagerService.java:1348)
W/InputMethodManagerService(  768): 	at com.android.server.InputMethodManagerService.clearCurMethodLocked(InputMethodManagerService.java:1374)
W/InputMethodManagerService(  768): 	at com.android.server.InputMethodManagerService.onServiceDisconnected(InputMethodManagerService.java:1393)
W/InputMethodManagerService(  768): 	at android.app.LoadedApk$ServiceDispatcher.doDeath(LoadedApk.java:1106)
W/InputMethodManagerService(  768): 	at android.app.LoadedApk$ServiceDispatcher$RunConnection.run(LoadedApk.java:1120)
W/InputMethodManagerService(  768): 	at android.os.Handler.handleCallback(Handler.java:733)
W/InputMethodManagerService(  768): 	at android.os.Handler.dispatchMessage(Handler.java:95)
W/InputMethodManagerService(  768): 	at android.os.Looper.loop(Looper.java:136)
W/InputMethodManagerService(  768): 	at com.android.server.ServerThread.initAndLoop(SystemServer.java:1093)
W/InputMethodManagerService(  768): 	at com.android.server.SystemServer.main(SystemServer.java:1179)
W/InputMethodManagerService(  768): 	at java.lang.reflect.Method.invokeNative(Native Method)
W/InputMethodManagerService(  768): 	at java.lang.reflect.Method.invoke(Method.java:515)
W/InputMethodManagerService(  768): 	at com.android.internal.os.ZygoteInit$MethodAndArgsCaller.run(ZygoteInit.java:785)
W/InputMethodManagerService(  768): 	at com.android.internal.os.ZygoteInit.main(ZygoteInit.java:601)
W/InputMethodManagerService(  768): 	at dalvik.system.NativeStart.main(Native Method)
W/InputMethodManagerService(  768): Session failed to close due to remote exception
W/InputMethodManagerService(  768): android.os.DeadObjectException
W/InputMethodManagerService(  768): 	at android.os.BinderProxy.transact(Native Method)
W/InputMethodManagerService(  768): 	at com.android.internal.view.IInputMethodSession$Stub$Proxy.finishSession(IInputMethodSession.java:292)
W/InputMethodManagerService(  768): 	at com.android.server.InputMethodManagerService.finishSessionLocked(InputMethodManagerService.java:1357)
W/InputMethodManagerService(  768): 	at com.android.server.InputMethodManagerService.clearClientSessionLocked(InputMethodManagerService.java:1348)
W/InputMethodManagerService(  768): 	at com.android.server.InputMethodManagerService.clearCurMethodLocked(InputMethodManagerService.java:1374)
W/InputMethodManagerService(  768): 	at com.android.server.InputMethodManagerService.onServiceDisconnected(InputMethodManagerService.java:1393)
W/InputMethodManagerService(  768): 	at android.app.LoadedApk$ServiceDispatcher.doDeath(LoadedApk.java:1106)
W/InputMethodManagerService(  768): 	at android.app.LoadedApk$ServiceDispatcher$RunConnection.run(LoadedApk.java:1120)
W/InputMethodManagerService(  768): 	at android.os.Handler.handleCallback(Handler.java:733)
W/InputMethodManagerService(  768): 	at android.os.Handler.dispatchMessage(Handler.java:95)
W/InputMethodManagerService(  768): 	at android.os.Looper.loop(Looper.java:136)
W/InputMethodManagerService(  768): 	at com.android.server.ServerThread.initAndLoop(SystemServer.java:1093)
W/InputMethodManagerService(  768): 	at com.android.server.SystemServer.main(SystemServer.java:1179)
W/InputMethodManagerService(  768): 	at java.lang.reflect.Method.invokeNative(Native Method)
W/InputMethodManagerService(  768): 	at java.lang.reflect.Method.invoke(Method.java:515)
W/InputMethodManagerService(  768): 	at com.android.internal.os.ZygoteInit$MethodAndArgsCaller.run(ZygoteInit.java:785)
W/InputMethodManagerService(  768): 	at com.android.internal.os.ZygoteInit.main(ZygoteInit.java:601)
W/InputMethodManagerService(  768): 	at dalvik.system.NativeStart.main(Native Method)
W/InputMethodManagerService(  768): Session failed to close due to remote exception
W/InputMethodManagerService(  768): android.os.DeadObjectException
W/InputMethodManagerService(  768): 	at android.os.BinderProxy.transact(Native Method)
W/InputMethodManagerService(  768): 	at com.android.internal.view.IInputMethodSession$Stub$Proxy.finishSession(IInputMethodSession.java:292)
W/InputMethodManagerService(  768): 	at com.android.server.InputMethodManagerService.finishSessionLocked(InputMethodManagerService.java:1357)
W/InputMethodManagerService(  768): 	at com.android.server.InputMethodManagerService.clearClientSessionLocked(InputMethodManagerService.java:1348)
W/InputMethodManagerService(  768): 	at com.android.server.InputMethodManagerService.clearCurMethodLocked(InputMethodManagerService.java:1374)
W/InputMethodManagerService(  768): 	at com.android.server.InputMethodManagerService.onServiceDisconnected(InputMethodManagerService.java:1393)
W/InputMethodManagerService(  768): 	at android.app.LoadedApk$ServiceDispatcher.doDeath(LoadedApk.java:1106)
W/InputMethodManagerService(  768): 	at android.app.LoadedApk$ServiceDispatcher$RunConnection.run(LoadedApk.java:1120)
W/InputMethodManagerService(  768): 	at android.os.Handler.handleCallback(Handler.java:733)
W/InputMethodManagerService(  768): 	at android.os.Handler.dispatchMessage(Handler.java:95)
W/InputMethodManagerService(  768): 	at android.os.Looper.loop(Looper.java:136)
W/InputMethodManagerService(  768): 	at com.android.server.ServerThread.initAndLoop(SystemServer.java:1093)
W/InputMethodManagerService(  768): 	at com.android.server.SystemServer.main(SystemServer.java:1179)
W/InputMethodManagerService(  768): 	at java.lang.reflect.Method.invokeNative(Native Method)
W/InputMethodManagerService(  768): 	at java.lang.reflect.Method.invoke(Method.java:515)
W/InputMethodManagerService(  768): 	at com.android.internal.os.ZygoteInit$MethodAndArgsCaller.run(ZygoteInit.java:785)
W/InputMethodManagerService(  768): 	at com.android.internal.os.ZygoteInit.main(ZygoteInit.java:601)
W/InputMethodManagerService(  768): 	at dalvik.system.NativeStart.main(Native Method)
W/ProcessCpuTracker(  768): Skipping unknown process pid 1738
I/ActivityManager(  768): Start proc com.cootek.smartinputv5 for service com.cootek.smartinputv5/com.cootek.smartinput5.presentations.BindService: pid=1779 uid=10279 gids={50279, 1028, 1015, 3003}
W/InputMethodManagerService(  768): Window already focused, ignoring focus gain of: com.android.internal.view.IInputMethodClient$Stub$Proxy@42c58ca8 attribute=null, token = android.os.BinderProxy@437b6040
W/BroadcastQueue(  768): Permission Denial: broadcasting Intent { act=com.cootek.usage.alarm_operation flg=0x14 (has extras) } from com.cootek.smartinputv5 (pid=-1, uid=10279) is not exported from uid 10101 due to receiver com.cootek.smartdialer/com.cootek.usage.UsageAlarmReceiver
I/ActivityManager(  768): Start proc com.google.android.gms.wearable for service com.google.android.gms/.wearable.service.WearableService: pid=1885 uid=10007 gids={50007, 3003, 1007, 1028, 1015, 3002, 3001, 3007, 2001, 3006}
I/ActivityManager(  768): Killing 806:com.google.android.apps.maps/u0a57 (adj 15): empty #17
D/ConnectivityService(  768): handleInetConditionHoldEnd: net=1, condition=0, published condition=0
--------- beginning of /dev/log/main
D/OKINAWA ( 1779): [40076154] car
D/OKINAWA ( 1779): [40076154] 
D/OKINAWA ( 1779): [40076154]  dn = 10512 rank_score = 109946452  prio = 0 tag = 2 match_type = 0 n_correction = 0 key = 
D/OKINAWA ( 1779): [40076154] care
D/OKINAWA ( 1779): [40076154] 
D/OKINAWA ( 1779): [40076154]  dn = 10003 rank_score = 110040900  prio = 0 tag = 2 match_type = 0 n_correction = 0 key = 
D/OKINAWA ( 1779): [40076154] came
D/OKINAWA ( 1779): [40076154] 
D/OKINAWA ( 1779): [40076154]  dn = 11137 rank_score = 110040901  prio = 0 tag = 2 match_type = 0 n_correction = 0 key = 
D/OKINAWA ( 1779): [40076154] cause
D/OKINAWA ( 1779): [40076154] 
D/OKINAWA ( 1779): [40076154]  dn = 10474 rank_score = 110373316  prio = 0 tag = 2 match_type = 0 n_correction = 0 key = 
D/OKINAWA ( 1779): [40076154] card
D/OKINAWA ( 1779): [40076154] 
D/OKINAWA ( 1779): [40076154]  dn = 10819 rank_score = 110404923  prio = 0 tag = 2 match_type = 0 n_correction = 0 key = 
D/OKINAWA ( 1779): [40076154] case
D/OKINAWA ( 1779): [40076154] 
D/OKINAWA ( 1779): [40076154]  dn = 10990 rank_score = 110529410  prio = 0 tag = 2 match_type = 0 n_correction = 0 key = 
D/OKINAWA ( 1779): [40076154] catch
D/OKINAWA ( 1779): [40076154] 
